Component: ARM Compiler 5.06 update 1 (build 61) Tool: armlink [4d35a8]

==============================================================================

Section Cross References

    main.o(i.Encoder_Config_PA5_PA6) refers to stm32f10x_rcc.o(i.RCC_APB2PeriphClockCmd) for RCC_APB2PeriphClockCmd
    main.o(i.Encoder_Config_PA5_PA6) refers to stm32f10x_gpio.o(i.GPIO_Init) for GPIO_Init
    main.o(i.LCD_Clear_Task) refers to lcd.o(i.LCD_SendCommand) for LCD_SendCommand
    main.o(i.LCD_Clear_Task) refers to tasks.o(i.vTaskDelay) for vTaskDelay
    main.o(i.RTC_Read_Safe) refers to stm32f10x_i2c.o(i.I2C_GenerateSTART) for I2C_GenerateSTART
    main.o(i.RTC_Read_Safe) refers to stm32f10x_i2c.o(i.I2C_CheckEvent) for I2C_CheckEvent
    main.o(i.RTC_Read_Safe) refers to stm32f10x_i2c.o(i.I2C_Send7bitAddress) for I2C_Send7bitAddress
    main.o(i.RTC_Read_Safe) refers to stm32f10x_i2c.o(i.I2C_SendData) for I2C_SendData
    main.o(i.RTC_Read_Safe) refers to stm32f10x_i2c.o(i.I2C_AcknowledgeConfig) for I2C_AcknowledgeConfig
    main.o(i.RTC_Read_Safe) refers to stm32f10x_i2c.o(i.I2C_ReceiveData) for I2C_ReceiveData
    main.o(i.RTC_Read_Safe) refers to main.o(i.BCD2DEC) for BCD2DEC
    main.o(i.RTC_Read_Safe) refers to stm32f10x_i2c.o(i.I2C_GenerateSTOP) for I2C_GenerateSTOP
    main.o(i.Task_Control) refers to queue.o(i.xQueueReceive) for xQueueReceive
    main.o(i.Task_Control) refers to queue.o(i.xQueueSemaphoreTake) for xQueueSemaphoreTake
    main.o(i.Task_Control) refers to pwm.o(i.SetDuty) for SetDuty
    main.o(i.Task_Control) refers to queue.o(i.xQueueGenericSend) for xQueueGenericSend
    main.o(i.Task_Control) refers to tasks.o(i.vTaskDelay) for vTaskDelay
    main.o(i.Task_Control) refers to main.o(.data) for .data
    main.o(i.Task_Encoder) refers to stm32f10x_gpio.o(i.GPIO_ReadInputDataBit) for GPIO_ReadInputDataBit
    main.o(i.Task_Encoder) refers to tasks.o(i.vTaskDelay) for vTaskDelay
    main.o(i.Task_Encoder) refers to main.o(.data) for .data
    main.o(i.Task_Sensor) refers to _printf_pad.o(.text) for _printf_pre_padding
    main.o(i.Task_Sensor) refers to _printf_percent.o(.ARM.Collect$$_printf_percent$$00000000) for _printf_percent
    main.o(i.Task_Sensor) refers to _printf_d.o(.ARM.Collect$$_printf_percent$$00000009) for _printf_d
    main.o(i.Task_Sensor) refers to _printf_dec.o(.text) for _printf_int_dec
    main.o(i.Task_Sensor) refers to _printf_s.o(.ARM.Collect$$_printf_percent$$00000014) for _printf_s
    main.o(i.Task_Sensor) refers to _printf_str.o(.text) for _printf_str
    main.o(i.Task_Sensor) refers to tasks.o(i.vTaskDelay) for vTaskDelay
    main.o(i.Task_Sensor) refers to queue.o(i.xQueueSemaphoreTake) for xQueueSemaphoreTake
    main.o(i.Task_Sensor) refers to lcd.o(i.LCD_Init) for LCD_Init
    main.o(i.Task_Sensor) refers to main.o(i.LCD_Clear_Task) for LCD_Clear_Task
    main.o(i.Task_Sensor) refers to lcd.o(i.LCD_SendCommand) for LCD_SendCommand
    main.o(i.Task_Sensor) refers to lcd.o(i.LCD_Print) for LCD_Print
    main.o(i.Task_Sensor) refers to queue.o(i.xQueueGenericSend) for xQueueGenericSend
    main.o(i.Task_Sensor) refers to stm32f10x_adc.o(i.ADC_Cmd) for ADC_Cmd
    main.o(i.Task_Sensor) refers to port.o(i.vPortEnterCritical) for vPortEnterCritical
    main.o(i.Task_Sensor) refers to dht11.o(i.DHT11_Read) for DHT11_Read
    main.o(i.Task_Sensor) refers to port.o(i.vPortExitCritical) for vPortExitCritical
    main.o(i.Task_Sensor) refers to main.o(i.RTC_Read_Safe) for RTC_Read_Safe
    main.o(i.Task_Sensor) refers to noretval__2sprintf.o(.text) for __2sprintf
    main.o(i.Task_Sensor) refers to pwm.o(i.SetDuty) for SetDuty
    main.o(i.Task_Sensor) refers to main.o(.data) for .data
    main.o(i.Task_Sensor) refers to dht11.o(.data) for dht11_data
    main.o(i.Task_Sensor) refers to dma.o(.data) for dest
    main.o(i.main) refers to misc.o(i.NVIC_PriorityGroupConfig) for NVIC_PriorityGroupConfig
    main.o(i.main) refers to gpio_config.o(i.GPIOA_All_Config) for GPIOA_All_Config
    main.o(i.main) refers to delay.o(i.Tim_config) for Tim_config
    main.o(i.main) refers to uart.o(i.Uart_Config) for Uart_Config
    main.o(i.main) refers to uart.o(i.Uart_SendStr) for Uart_SendStr
    main.o(i.main) refers to lcd.o(i.I2C_Config) for I2C_Config
    main.o(i.main) refers to pwm.o(i.PWM_Config) for PWM_Config
    main.o(i.main) refers to pwm.o(i.SetDuty) for SetDuty
    main.o(i.main) refers to adc.o(i.ADC_Config) for ADC_Config
    main.o(i.main) refers to dma.o(i.DMA_Config) for DMA_Config
    main.o(i.main) refers to interrupt.o(i.Interrupt_Config) for Interrupt_Config
    main.o(i.main) refers to main.o(i.Encoder_Config_PA5_PA6) for Encoder_Config_PA5_PA6
    main.o(i.main) refers to queue.o(i.xQueueCreateMutex) for xQueueCreateMutex
    main.o(i.main) refers to queue.o(i.xQueueGenericCreate) for xQueueGenericCreate
    main.o(i.main) refers to tasks.o(i.xTaskCreate) for xTaskCreate
    main.o(i.main) refers to tasks.o(i.vTaskStartScheduler) for vTaskStartScheduler
[...]
    i.I2C_ReceiveData                        0x08000ffc   Section        0  stm32f10x_i2c.o(i.I2C_ReceiveData)
    i.I2C_Send7bitAddress                    0x08001002   Section        0  stm32f10x_i2c.o(i.I2C_Send7bitAddress)
    i.I2C_SendData                           0x08001014   Section        0  stm32f10x_i2c.o(i.I2C_SendData)
    i.I2C_WriteByte                          0x08001018   Section        0  lcd.o(i.I2C_WriteByte)
    i.Interrupt_Config                       0x08001090   Section        0  interrupt.o(i.Interrupt_Config)
    i.LCD_Clear_Task                         0x0800111a   Section        0  main.o(i.LCD_Clear_Task)
    i.LCD_Init                               0x0800112c   Section        0  lcd.o(i.LCD_Init)
    i.LCD_Print                              0x08001156   Section        0  lcd.o(i.LCD_Print)
    i.LCD_SendCommand                        0x0800116a   Section        0  lcd.o(i.LCD_SendCommand)
    i.LCD_SendData                           0x080011a4   Section        0  lcd.o(i.LCD_SendData)
    i.NVIC_Init                              0x080011e4   Section        0  misc.o(i.NVIC_Init)
    i.NVIC_PriorityGroupConfig               0x08001248   Section        0  misc.o(i.NVIC_PriorityGroupConfig)
    i.PWM_Config                             0x0800125c   Section        0  pwm.o(i.PWM_Config)
    i.RCC_APB1PeriphClockCmd                 0x080012c4   Section        0  stm32f10x_rcc.o(i.RCC_APB1PeriphClockCmd)
    i.RCC_APB2PeriphClockCmd                 0x080012e0   Section        0  stm32f10x_rcc.o(i.RCC_APB2PeriphClockCmd)
    i.RCC_GetClocksFreq                      0x080012fc   Section        0  stm32f10x_rcc.o(i.RCC_GetClocksFreq)
    i.RTC_Read_Safe                          0x080013a8   Section        0  main.o(i.RTC_Read_Safe)
    i.SetDuty                                0x080014b0   Section        0  pwm.o(i.SetDuty)
    i.SetSysClock                            0x080014c8   Section        0  system_stm32f10x.o(i.SetSysClock)
    SetSysClock                              0x080014c9   Thumb Code     4  system_stm32f10x.o(i.SetSysClock)
    i.SetSysClockTo72                        0x080014cc   Section        0  system_stm32f10x.o(i.SetSysClockTo72)
    SetSysClockTo72                          0x080014cd   Thumb Code   166  system_stm32f10x.o(i.SetSysClockTo72)
    i.SysTick_Handler                        0x0800157c   Section        0  cmsis_os2.o(i.SysTick_Handler)
    i.SystemInit                             0x08001598   Section        0  system_stm32f10x.o(i.SystemInit)
    i.TIM_Cmd                                0x080015e8   Section        0  stm32f10x_tim.o(i.TIM_Cmd)
    i.TIM_CtrlPWMOutputs                     0x08001600   Section        0  stm32f10x_tim.o(i.TIM_CtrlPWMOutputs)
    i.TIM_GetCounter                         0x0800161c   Section        0  stm32f10x_tim.o(i.TIM_GetCounter)
    i.TIM_OC1Init                            0x08001620   Section        0  stm32f10x_tim.o(i.TIM_OC1Init)
    i.TIM_OC1PreloadConfig                   0x080016a8   Section        0  stm32f10x_tim.o(i.TIM_OC1PreloadConfig)
    i.TIM_SetCounter                         0x080016b4   Section        0  stm32f10x_tim.o(i.TIM_SetCounter)
    i.TIM_TimeBaseInit                       0x080016b8   Section        0  stm32f10x_tim.o(i.TIM_TimeBaseInit)
    i.Task_Control                           0x08001754   Section        0  main.o(i.Task_Control)
    i.Task_Encoder                           0x080017e4   Section        0  main.o(i.Task_Encoder)
    i.Task_Sensor                            0x0800184c   Section        0  main.o(i.Task_Sensor)
    i.Tim_config                             0x08001a9c   Section        0  delay.o(i.Tim_config)
    i.USART_Cmd                              0x08001ac8   Section        0  stm32f10x_usart.o(i.USART_Cmd)
    i.USART_GetFlagStatus                    0x08001ae0   Section        0  stm32f10x_usart.o(i.USART_GetFlagStatus)
    i.USART_Init                             0x08001af0   Section        0  stm32f10x_usart.o(i.USART_Init)
    i.USART_SendData                         0x08001bac   Section        0  stm32f10x_usart.o(i.USART_SendData)
    i.Uart_Config                            0x08001bb4   Section        0  uart.o(i.Uart_Config)
    i.Uart_SendChar                          0x08001bf4   Section        0  uart.o(i.Uart_SendChar)
    i.Uart_SendStr                           0x08001c14   Section        0  uart.o(i.Uart_SendStr)
    i._is_digit                              0x08001c28   Section        0  __printf_wp.o(i._is_digit)
    i._mutex_acquire                         0x08001c36   Section        0  clib_arm.o(i._mutex_acquire)
    __tagsym$$used                           0x08001c37   Number         0  clib_arm.o(i._mutex_acquire)
    i._mutex_free                            0x08001c54   Section        0  clib_arm.o(i._mutex_free)
    __tagsym$$used                           0x08001c55   Number         0  clib_arm.o(i._mutex_free)
    i._mutex_initialize                      0x08001c80   Section        0  clib_arm.o(i._mutex_initialize)
    __tagsym$$used                           0x08001c81   Number         0  clib_arm.o(i._mutex_initialize)
    i._mutex_release                         0x08001cd4   Section        0  clib_arm.o(i._mutex_release)
    __tagsym$$used                           0x08001cd5   Number         0  clib_arm.o(i._mutex_release)
    i._platform_post_stackheap_init          0x08001cf2   Section        0  clib_arm.o(i._platform_post_stackheap_init)
    i.main                                   0x08001cf4   Section        0  main.o(i.main)
    i.os_kernel_is_active                    0x08001df0   Section        0  clib_arm.o(i.os_kernel_is_active)
    os_kernel_is_active                      0x08001df1   Thumb Code    32  clib_arm.o(i.os_kernel_is_active)
    i.prvAddCurrentTaskToDelayedList         0x08001e14   Section        0  tasks.o(i.prvAddCurrentTaskToDelayedList)
    prvAddCurrentTaskToDelayedList           0x08001e15   Thumb Code    86  tasks.o(i.prvAddCurrentTaskToDelayedList)
    i.prvAddNewTaskToReadyList               0x08001e74   Section        0  tasks.o(i.prvAddNewTaskToReadyList)
    prvAddNewTaskToReadyList                 0x08001e75   Thumb Code   124  tasks.o(i.prvAddNewTaskToReadyList)
    i.prvCheckForValidListAndQueue           0x08001efc   Section        0  timers.o(i.prvCheckForValidListAndQueue)
    prvCheckForValidListAndQueue             0x08001efd   Thumb Code    64  timers.o(i.prvCheckForValidListAndQueue)
    i.prvCheckTasksWaitingTermination        0x08001f44   Section        0  tasks.o(i.prvCheckTasksWaitingTermination)
    prvCheckTasksWaitingTermination          0x08001f45   Thumb Code    52  tasks.o(i.prvCheckTasksWaitingTermination)
    i.prvCopyDataFromQueue                   0x08001f80   Section        0  queue.o(i.prvCopyDataFromQueue)
    prvCopyDataFromQueue                     0x08001f81   Thumb Code    40  queue.o(i.prvCopyDataFromQueue)
    i.prvCopyDataToQueue                     0x08001fa8   Section        0  queue.o(i.prvCopyDataToQueue)
    prvCopyDataToQueue                       0x08001fa9   Thumb Code   110  queue.o(i.prvCopyDataToQueue)
    i.prvDeleteTCB                           0x08002016   Section        0  tasks.o(i.prvDeleteTCB)
    prvDeleteTCB                             0x08002017   Thumb Code    44  tasks.o(i.prvDeleteTCB)
    i.prvGetDisinheritPriorityAfterTimeout   0x08002042   Section        0  queue.o(i.prvGetDisinheritPriorityAfterTimeout)
    prvGetDisinheritPriorityAfterTimeout     0x08002043   Thumb Code    20  queue.o(i.prvGetDisinheritPriorityAfterTimeout)
    i.prvGetNextExpireTime                   0x08002058   Section        0  timers.o(i.prvGetNextExpireTime)
    prvGetNextExpireTime                     0x08002059   Thumb Code    30  timers.o(i.prvGetNextExpireTime)
    i.prvHeapInit                            0x0800207c   Section        0  heap_4.o(i.prvHeapInit)
    prvHeapInit                              0x0800207d   Thumb Code    68  heap_4.o(i.prvHeapInit)
    i.prvIdleTask                            0x080020c8   Section        0  tasks.o(i.prvIdleTask)
    prvIdleTask                              0x080020c9   Thumb Code    30  tasks.o(i.prvIdleTask)
    i.prvInitialiseMutex                     0x080020f0   Section        0  queue.o(i.prvInitialiseMutex)
    prvInitialiseMutex                       0x080020f1   Thumb Code    24  queue.o(i.prvInitialiseMutex)
    i.prvInitialiseNewQueue                  0x08002108   Section        0  queue.o(i.prvInitialiseNewQueue)
    prvInitialiseNewQueue                    0x08002109   Thumb Code    34  queue.o(i.prvInitialiseNewQueue)
    i.prvInitialiseNewTask                   0x0800212a   Section        0  tasks.o(i.prvInitialiseNewTask)
    prvInitialiseNewTask                     0x0800212b   Thumb Code   142  tasks.o(i.prvInitialiseNewTask)
    i.prvInitialiseTaskLists                 0x080021b8   Section        0  tasks.o(i.prvInitialiseTaskLists)
    prvInitialiseTaskLists                   0x080021b9   Thumb Code    74  tasks.o(i.prvInitialiseTaskLists)
    i.prvInsertBlockIntoFreeList             0x08002210   Section        0  heap_4.o(i.prvInsertBlockIntoFreeList)
    prvInsertBlockIntoFreeList               0x08002211   Thumb Code    78  heap_4.o(i.prvInsertBlockIntoFreeList)
    i.prvInsertTimerInActiveList             0x08002264   Section        0  timers.o(i.prvInsertTimerInActiveList)
    prvInsertTimerInActiveList               0x08002265   Thumb Code    60  timers.o(i.prvInsertTimerInActiveList)
    i.prvIsQueueEmpty                        0x080022a4   Section        0  queue.o(i.prvIsQueueEmpty)
    prvIsQueueEmpty                          0x080022a5   Thumb Code    26  queue.o(i.prvIsQueueEmpty)
    i.prvIsQueueFull                         0x080022be   Section        0  queue.o(i.prvIsQueueFull)
    prvIsQueueFull                           0x080022bf   Thumb Code    30  queue.o(i.prvIsQueueFull)
    i.prvProcessExpiredTimer                 0x080022dc   Section        0  timers.o(i.prvProcessExpiredTimer)
    prvProcessExpiredTimer                   0x080022dd   Thumb Code    82  timers.o(i.prvProcessExpiredTimer)
    i.prvProcessReceivedCommands             0x08002334   Section        0  timers.o(i.prvProcessReceivedCommands)
    prvProcessReceivedCommands               0x08002335   Thumb Code   214  timers.o(i.prvProcessReceivedCommands)
    i.prvProcessTimerOrBlockTask             0x08002410   Section        0  timers.o(i.prvProcessTimerOrBlockTask)
    prvProcessTimerOrBlockTask               0x08002411   Thumb Code   100  timers.o(i.prvProcessTimerOrBlockTask)
    i.prvResetNextTaskUnblockTime            0x0800247c   Section        0  tasks.o(i.prvResetNextTaskUnblockTime)
    prvResetNextTaskUnblockTime              0x0800247d   Thumb Code    30  tasks.o(i.prvResetNextTaskUnblockTime)
    i.prvSampleTimeNow                       0x080024a0   Section        0  timers.o(i.prvSampleTimeNow)
    prvSampleTimeNow                         0x080024a1   Thumb Code    38  timers.o(i.prvSampleTimeNow)
    i.prvSwitchTimerLists                    0x080024cc   Section        0  timers.o(i.prvSwitchTimerLists)
    prvSwitchTimerLists                      0x080024cd   Thumb Code    88  timers.o(i.prvSwitchTimerLists)
    i.prvTaskExitError                       0x08002528   Section        0  port.o(i.prvTaskExitError)
    prvTaskExitError                         0x08002529   Thumb Code    16  port.o(i.prvTaskExitError)
    i.prvTimerTask                           0x08002538   Section        0  timers.o(i.prvTimerTask)
    prvTimerTask                             0x08002539   Thumb Code    20  timers.o(i.prvTimerTask)
    i.prvUnlockQueue                         0x0800254c   Section        0  queue.o(i.prvUnlockQueue)
    prvUnlockQueue                           0x0800254d   Thumb Code   106  queue.o(i.prvUnlockQueue)
    i.pvPortMalloc                           0x080025b8   Section        0  heap_4.o(i.pvPortMalloc)
    i.pvTaskIncrementMutexHeldCount          0x08002650   Section        0  tasks.o(i.pvTaskIncrementMutexHeldCount)
    i.pxPortInitialiseStack                  0x08002668   Section        0  port.o(i.pxPortInitialiseStack)
    i.uxListRemove                           0x08002684   Section        0  list.o(i.uxListRemove)
    i.vApplicationGetIdleTaskMemory          0x080026ac   Section        0  cmsis_os2.o(i.vApplicationGetIdleTaskMemory)
    i.vApplicationGetTimerTaskMemory         0x080026c0   Section        0  cmsis_os2.o(i.vApplicationGetTimerTaskMemory)
    i.vApplicationStackOverflowHook          0x080026d4   Section        0  cmsis_os2.o(i.vApplicationStackOverflowHook)
    i.vListInitialise                        0x080026d6   Section        0  list.o(i.vListInitialise)
    i.vListInitialiseItem                    0x080026ec   Section        0  list.o(i.vListInitialiseItem)
    i.vListInsert                            0x080026f2   Section        0  list.o(i.vListInsert)
    i.vListInsertEnd                         0x08002722   Section        0  list.o(i.vListInsertEnd)
    i.vPortEnterCritical                     0x0800273c   Section        0  port.o(i.vPortEnterCritical)
    i.vPortExitCritical                      0x08002758   Section        0  port.o(i.vPortExitCritical)
    i.vPortFree                              0x08002770   Section        0  heap_4.o(i.vPortFree)
    i.vPortSetupTimerInterrupt               0x080027b0   Section        0  port.o(i.vPortSetupTimerInterrupt)
    i.vQueueDelete                           0x080027d4   Section        0  queue.o(i.vQueueDelete)
    i.vQueueWaitForMessageRestricted         0x080027e2   Section        0  queue.o(i.vQueueWaitForMessageRestricted)
    i.vTaskDelay                             0x08002828   Section        0  tasks.o(i.vTaskDelay)
    i.vTaskInternalSetTimeOutState           0x0800285c   Section        0  tasks.o(i.vTaskInternalSetTimeOutState)
    i.vTaskMissedYield                       0x0800286c   Section        0  tasks.o(i.vTaskMissedYield)
    i.vTaskPlaceOnEventList                  0x08002878   Section        0  tasks.o(i.vTaskPlaceOnEventList)
    i.vTaskPlaceOnEventListRestricted        0x08002898   Section        0  tasks.o(i.vTaskPlaceOnEventListRestricted)
    i.vTaskPriorityDisinheritAfterTimeout    0x080028c0   Section        0  tasks.o(i.vTaskPriorityDisinheritAfterTimeout)
    i.vTaskStartScheduler                    0x0800292c   Section        0  tasks.o(i.vTaskStartScheduler)
    i.vTaskSuspendAll                        0x080029a8   Section        0  tasks.o(i.vTaskSuspendAll)
    i.vTaskSwitchContext                     0x080029b8   Section        0  tasks.o(i.vTaskSwitchContext)
    i.xPortStartScheduler                    0x08002a38   Section        0  port.o(i.xPortStartScheduler)
    i.xPortSysTickHandler                    0x08002a68   Section        0  port.o(i.xPortSysTickHandler)
    i.xQueueCreateMutex                      0x08002a94   Section        0  queue.o(i.xQueueCreateMutex)
    i.xQueueCreateMutexStatic                0x08002aac   Section        0  queue.o(i.xQueueCreateMutexStatic)
    i.xQueueGenericCreate                    0x08002ac8   Section        0  queue.o(i.xQueueGenericCreate)
    i.xQueueGenericCreateStatic              0x08002b00   Section        0  queue.o(i.xQueueGenericCreateStatic)
    i.xQueueGenericReset                     0x08002b20   Section        0  queue.o(i.xQueueGenericReset)
    i.xQueueGenericSend                      0x08002b98   Section        0  queue.o(i.xQueueGenericSend)
    i.xQueueGenericSendFromISR               0x08002c90   Section        0  queue.o(i.xQueueGenericSendFromISR)
    i.xQueueGiveFromISR                      0x08002cf6   Section        0  queue.o(i.xQueueGiveFromISR)
    i.xQueueReceive                          0x08002d4c   Section        0  queue.o(i.xQueueReceive)
    i.xQueueSemaphoreTake                    0x08002e3c   Section        0  queue.o(i.xQueueSemaphoreTake)
    i.xTaskCheckForTimeOut                   0x08002f60   Section        0  tasks.o(i.xTaskCheckForTimeOut)
    i.xTaskCreate                            0x08002fb4   Section        0  tasks.o(i.xTaskCreate)
    i.xTaskCreateStatic                      0x08003018   Section        0  tasks.o(i.xTaskCreateStatic)
    i.xTaskGetSchedulerState                 0x08003054   Section        0  tasks.o(i.xTaskGetSchedulerState)
    i.xTaskGetTickCount                      0x08003070   Section        0  tasks.o(i.xTaskGetTickCount)
    i.xTaskGetTickCountFromISR               0x0800307c   Section        0  tasks.o(i.xTaskGetTickCountFromISR)
    i.xTaskIncrementTick                     0x08003088   Section        0  tasks.o(i.xTaskIncrementTick)
    i.xTaskPriorityDisinherit                0x0800313c   Section        0  tasks.o(i.xTaskPriorityDisinherit)
    i.xTaskPriorityInherit                   0x08003190   Section        0  tasks.o(i.xTaskPriorityInherit)
    i.xTaskRemoveFromEventList               0x0800320c   Section        0  tasks.o(i.xTaskRemoveFromEventList)
    i.xTaskResumeAll                         0x08003270   Section        0  tasks.o(i.xTaskResumeAll)
    i.xTimerCreateTimerTask                  0x08003324   Section        0  timers.o(i.xTimerCreateTimerTask)
    i.xTimerGenericCommand                   0x08003378   Section        0  timers.o(i.xTimerGenericCommand)
    .constdata                               0x080033d0   Section       17  __printf_flags_wp.o(.constdata)
    maptable                                 0x080033d0   Data          17  __printf_flags_wp.o(.constdata)
    .data                                    0x20000000   Section       12  main.o(.data)
    .data                                    0x2000000c   Section        8  interrupt.o(.data)
    s_lastPressTime                          0x2000000c   Data           4  interrupt.o(.data)
    s_lastPressTime_Mode                     0x20000010   Data           4  interrupt.o(.data)
    .data                                    0x20000014   Section        8  dma.o(.data)
    .data                                    0x2000001c   Section        5  dht11.o(.data)
    .data                                    0x20000021   Section        1  clib_arm.o(.data)
    os_kernel_active                         0x20000021   Data           1  clib_arm.o(.data)
    .data                                    0x20000022   Section       20  stm32f10x_rcc.o(.data)
    ADCPrescTable                            0x20000022   Data           4  stm32f10x_rcc.o(.data)
    APBAHBPrescTable                         0x20000026   Data          16  stm32f10x_rcc.o(.data)
    .data                                    0x20000038   Section       20  system_stm32f10x.o(.data)
    .data                                    0x2000004c   Section       24  heap_4.o(.data)
    pxEnd                                    0x2000004c   Data           4  heap_4.o(.data)
    xFreeBytesRemaining                      0x20000050   Data           4  heap_4.o(.data)
    xMinimumEverFreeBytesRemaining           0x20000054   Data           4  heap_4.o(.data)
    xBlockAllocatedBit                       0x20000058   Data           4  heap_4.o(.data)
    xStart                                   0x2000005c   Data           8  heap_4.o(.data)
    .data                                    0x20000064   Section        4  port.o(.data)
    uxCriticalNesting                        0x20000064   Data           4  port.o(.data)
    .data                                    0x20000068   Section       60  tasks.o(.data)
    uxDeletedTasksWaitingCleanUp             0x2000006c   Data           4  tasks.o(.data)
    uxCurrentNumberOfTasks                   0x20000070   Data           4  tasks.o(.data)
    xTickCount                               0x20000074   Data           4  tasks.o(.data)
    uxTopReadyPriority                       0x20000078   Data           4  tasks.o(.data)
    xSchedulerRunning                        0x2000007c   Data           4  tasks.o(.data)
    uxPendedTicks                            0x20000080   Data           4  tasks.o(.data)
    xYieldPending                            0x20000084   Data           4  tasks.o(.data)
    xNumOfOverflows                          0x20000088   Data           4  tasks.o(.data)
    uxTaskNumber                             0x2000008c   Data           4  tasks.o(.data)
    xNextTaskUnblockTime                     0x20000090   Data           4  tasks.o(.data)
    xIdleTaskHandle                          0x20000094   Data           4  tasks.o(.data)
    uxSchedulerSuspended                     0x20000098   Data           4  tasks.o(.data)
    pxDelayedTaskList                        0x2000009c   Data           4  tasks.o(.data)
    pxOverflowDelayedTaskList                0x200000a0   Data           4  tasks.o(.data)
    .data                                    0x200000a4   Section       20  timers.o(.data)
    xTimerQueue                              0x200000a4   Data           4  timers.o(.data)
    xTimerTaskHandle                         0x200000a8   Data           4  timers.o(.data)
    xLastTime                                0x200000ac   Data           4  timers.o(.data)
    pxCurrentTimerList                       0x200000b0   Data           4  timers.o(.data)
    pxOverflowTimerList                      0x200000b4   Data           4  timers.o(.data)
    .bss                                     0x200000b8   Section      916  clib_arm.o(.bss)
    os_libspace                              0x200000b8   Data         480  clib_arm.o(.bss)
    os_libspace_id                           0x20000298   Data          16  clib_arm.o(.bss)
    clib_mutex_cb                            0x200002a8   Data         400  clib_arm.o(.bss)
    clib_mutex_id                            0x20000438   Data          20  clib_arm.o(.bss)
    .bss                                     0x2000044c   Section     1016  cmsis_os2.o(.bss)
    Idle_TCB                                 0x2000044c   Data          92  cmsis_os2.o(.bss)
    Idle_Stack                               0x200004a8   Data         512  cmsis_os2.o(.bss)
    Timer_TCB                                0x200006a8   Data          92  cmsis_os2.o(.bss)
    Timer_Stack                              0x20000704   Data         320  cmsis_os2.o(.bss)
    .bss                                     0x20000844   Section     8192  heap_4.o(.bss)
    ucHeap                                   0x20000844   Data        8192  heap_4.o(.bss)
    .bss                                     0x20002844   Section     1220  tasks.o(.bss)
    pxReadyTasksLists                        0x20002844   Data        1120  tasks.o(.bss)
    xDelayedTaskList1                        0x20002ca4   Data          20  tasks.o(.bss)
    xDelayedTaskList2                        0x20002cb8   Data          20  tasks.o(.bss)
    xPendingReadyList                        0x20002ccc   Data          20  tasks.o(.bss)
    xTasksWaitingTermination                 0x20002ce0   Data          20  tasks.o(.bss)
    xSuspendedTaskList                       0x20002cf4   Data          20  tasks.o(.bss)
    .bss                                     0x20002d08   Section      200  timers.o(.bss)
    xStaticTimerQueue                        0x20002d08   Data          80  timers.o(.bss)
    ucStaticTimerQueueStorage                0x20002d58   Data          80  timers.o(.bss)
    xActiveTimerList1                        0x20002da8   Data          20  timers.o(.bss)
    xActiveTimerList2                        0x20002dbc   Data          20  timers.o(.bss)
    .bss                                     0x20002dd0   Section       96  libspace.o(.bss)
    HEAP                                     0x20002e30   Section      512  startup_stm32f10x_md.o(HEAP)
    Heap_Mem                                 0x20002e30   Data         512  startup_stm32f10x_md.o(HEAP)
    STACK                                    0x20003030   Section     1024  startup_stm32f10x_md.o(STACK)
    Stack_Mem                                0x20003030   Data        1024  startup_stm32f10x_md.o(STACK)
    __initial_sp                             0x20003430   Data           0  startup_stm32f10x_md.o(STACK)

    Global Symbols

    Symbol Name                              Value     Ov Type        Size  Object(Section)

    BuildAttributes$$THM_ISAv4$P$D$K$B$S$PE$A:L22UL41UL21$X:L11$S22US41US21$IEEE1$IW$USESV6$~STKCKD$USESV7$~SHL$OSPACE$ROPI$EBA8$UX$STANDARDLIB$REQ8$PRES8$EABIv2 0x00000000   Number         0  anon$$obj.o ABSOLUTE
    __ARM_use_no_argv                        0x00000000   Number         0  main.o ABSOLUTE
    _printf_flags                            0x00000000   Number         0  printf_stubs.o ABSOLUTE
    _printf_return_value                     0x00000000   Number         0  printf_stubs.o ABSOLUTE
    _printf_sizespec                         0x00000000   Number         0  printf_stubs.o ABSOLUTE
    _printf_widthprec                        0x00000000   Number         0  printf_stubs.o ABSOLUTE
    __ARM_exceptions_init                     - Undefined Weak Reference
    __alloca_initialize                       - Undefined Weak Reference
    __arm_preinit_                            - Undefined Weak Reference
    __cpp_initialize__aeabi_                  - Undefined Weak Reference
    __cxa_finalize                            - Undefined Weak Reference
    __rt_locale                               - Undefined Weak Reference
    __sigvec_lookup                           - Undefined Weak Reference
    _atexit_init                              - Undefined Weak Reference
    _call_atexit_fns                          - Undefined Weak Reference
    _clock_init                               - Undefined Weak Reference
    _fp_trap_init                             - Undefined Weak Reference
    _fp_trap_shutdown                         - Undefined Weak Reference
    _get_lc_collate                           - Undefined Weak Reference
    _get_lc_ctype                             - Undefined Weak Reference
    _get_lc_monetary                          - Undefined Weak Reference
    _get_lc_numeric                           - Undefined Weak Reference
    _get_lc_time                              - Undefined Weak Reference
    _getenv_init                              - Undefined Weak Reference
    _handle_redirection                       - Undefined Weak Reference
    _init_alloc                               - Undefined Weak Reference
    _init_user_alloc                          - Undefined Weak Reference
    _initio                                   - Undefined Weak Reference
    _printf_mbtowc                            - Undefined Weak Reference
    _printf_truncate_signed                   - Undefined Weak Reference
    _printf_truncate_unsigned                 - Undefined Weak Reference
    _rand_init                                - Undefined Weak Reference
    _signal_finish                            - Undefined Weak Reference
    _signal_init                              - Undefined Weak Reference
    _terminate_alloc                          - Undefined Weak Reference
    _terminate_user_alloc                     - Undefined Weak Reference
    _terminateio                              - Undefined Weak Reference
    __Vectors_Size                           0x000000ec   Number         0  startup_stm32f10x_md.o ABSOLUTE
    __Vectors                                0x08000000   Data           4  startup_stm32f10x_md.o(RESET)
    __Vectors_End                            0x080000ec   Data           0  startup_stm32f10x_md.o(RESET)
    __main                                   0x080000ed   Thumb Code     8  __main.o(!!!main)
    __scatterload                            0x080000f5   Thumb Code     0  __scatter.o(!!!scatter)
    __scatterload_rt2                        0x080000f5   Thumb Code    44  __scatter.o(!!!scatter)
    __scatterload_rt2_thumb_only             0x080000f5   Thumb Code     0  __scatter.o(!!!scatter)
    __scatterload_null                       0x08000103   Thumb Code     0  __scatter.o(!!!scatter)
    __scatterload_copy                       0x08000129   Thumb Code    26  __scatter_copy.o(!!handler_copy)
    __scatterload_zeroinit                   0x08000145   Thumb Code    28  __scatter_zi.o(!!handler_zi)
    _printf_d                                0x08000161   Thumb Code     0  _printf_d.o(.ARM.Collect$$_printf_percent$$00000009)
    _printf_percent                          0x08000161   Thumb Code     0  _printf_percent.o(.ARM.Collect$$_printf_percent$$00000000)
    _printf_s                                0x08000167   Thumb Code     0  _printf_s.o(.ARM.Collect$$_printf_percent$$00000014)
    _printf_percent_end                      0x0800016d   Thumb Code     0  _printf_percent_end.o(.ARM.Collect$$_printf_percent$$00000017)
    __rt_lib_init                            0x08000171   Thumb Code     0  libinit.o(.ARM.Collect$$libinit$$00000000)
    __rt_lib_init_alloca_1                   0x08000173   Thumb Code     0  libinit2.o(.ARM.Collect$$libinit$$0000002E)
    __rt_lib_init_argv_1                     0x08000173   Thumb Code     0  libinit2.o(.ARM.Collect$$libinit$$0000002C)
    __rt_lib_init_atexit_1                   0x08000173   Thumb Code     0  libinit2.o(.ARM.Collect$$libinit$$0000001B)
    __rt_lib_init_clock_1                    0x08000173   Thumb Code     0  libinit2.o(.ARM.Collect$$libinit$$00000021)
    __rt_lib_init_cpp_1                      0x08000173   Thumb Code     0  libinit2.o(.ARM.Collect$$libinit$$00000032)
    __rt_lib_init_exceptions_1               0x08000173   Thumb Code     0  libinit2.o(.ARM.Collect$$libinit$$00000030)
    __rt_lib_init_fp_1                       0x08000173   Thumb Code     0  libinit2.o(.ARM.Collect$$libinit$$00000002)
    __rt_lib_init_fp_trap_1                  0x08000173   Thumb Code     0  libinit2.o(.ARM.Collect$$libinit$$0000001F)
    __rt_lib_init_getenv_1                   0x08000173   Thumb Code     0  libinit2.o(.ARM.Collect$$libinit$$00000023)
    __rt_lib_init_heap_1                     0x08000173   Thumb Code     0  libinit2.o(.ARM.Collect$$libinit$$0000000A)
    __rt_lib_init_lc_collate_1               0x08000173   Thumb Code     0  libinit2.o(.ARM.Collect$$libinit$$00000011)
    __rt_lib_init_lc_ctype_1                 0x08000173   Thumb Code     0  libinit2.o(.ARM.Collect$$libinit$$00000013)
    __rt_lib_init_lc_monetary_1              0x08000173   Thumb Code     0  libinit2.o(.ARM.Collect$$libinit$$00000015)
    __rt_lib_init_lc_numeric_1               0x08000173   Thumb Code     0  libinit2.o(.ARM.Collect$$libinit$$00000017)
    __rt_lib_init_lc_time_1                  0x08000173   Thumb Code     0  libinit2.o(.ARM.Collect$$libinit$$00000019)
    __rt_lib_init_preinit_1                  0x08000173   Thumb Code     0  libinit2.o(.ARM.Collect$$libinit$$00000004)
    __rt_lib_init_rand_1                     0x08000173   Thumb Code     0  libinit2.o(.ARM.Collect$$libinit$$0000000E)
    __rt_lib_init_return                     0x08000173   Thumb Code     0  libinit2.o(.ARM.Collect$$libinit$$00000033)
    __rt_lib_init_signal_1                   0x08000173   Thumb Code     0  libinit2.o(.ARM.Collect$$libinit$$0000001D)
    __rt_lib_init_stdio_1                    0x08000173   Thumb Code     0  libinit2.o(.ARM.Collect$$libinit$$00000025)
    __rt_lib_init_user_alloc_1               0x08000173   Thumb Code     0  libinit2.o(.ARM.Collect$$libinit$$0000000C)
    __rt_lib_shutdown                        0x08000175   Thumb Code     0  libshutdown.o(.ARM.Collect$$libshutdown$$00000000)
    __rt_lib_shutdown_cpp_1                  0x08000177   Thumb Code     0  libshutdown2.o(.ARM.Collect$$libshutdown$$00000002)
    __rt_lib_shutdown_fp_trap_1              0x08000177   Thumb Code     0  libshutdown2.o(.ARM.Collect$$libshutdown$$00000007)
    __rt_lib_shutdown_heap_1                 0x08000177   Thumb Code     0  libshutdown2.o(.ARM.Collect$$libshutdown$$0000000F)
    __rt_lib_shutdown_return                 0x08000177   Thumb Code     0  libshutdown2.o(.ARM.Collect$$libshutdown$$00000010)
    __rt_lib_shutdown_signal_1               0x08000177   Thumb Code     0  libshutdown2.o(.ARM.Collect$$libshutdown$$0000000A)
    __rt_lib_shutdown_stdio_1                0x08000177   Thumb Code     0  libshutdown2.o(.ARM.Collect$$libshutdown$$00000004)
    __rt_lib_shutdown_user_alloc_1           0x08000177   Thumb Code     0  libshutdown2.o(.ARM.Collect$$libshutdown$$0000000C)
    __rt_entry                               0x08000179   Thumb Code     0  __rtentry.o(.ARM.Collect$$rtentry$$00000000)
    __rt_entry_presh_1                       0x08000179   Thumb Code     0  __rtentry2.o(.ARM.Collect$$rtentry$$00000002)
    __rt_entry_sh                            0x08000179   Thumb Code     0  __rtentry4.o(.ARM.Collect$$rtentry$$00000004)
    __rt_entry_postsh_1                      0x0800017f   Thumb Code     0  __rtentry2.o(.ARM.Collect$$rtentry$$00000008)
    __rt_entry_li                            0x08000187   Thumb Code     0  __rtentry2.o(.ARM.Collect$$rtentry$$0000000A)
    __rt_entry_main                          0x0800018b   Thumb Code     0  __rtentry2.o(.ARM.Collect$$rtentry$$0000000D)
    __rt_entry_postli_1                      0x0800018b   Thumb Code     0  __rtentry2.o(.ARM.Collect$$rtentry$$0000000C)
    __rt_exit                                0x08000193   Thumb Code     0  rtexit.o(.ARM.Collect$$rtexit$$00000000)
    __rt_exit_ls                             0x08000195   Thumb Code     0  rtexit2.o(.ARM.Collect$$rtexit$$00000003)
    __rt_exit_prels_1                        0x08000195   Thumb Code     0  rtexit2.o(.ARM.Collect$$rtexit$$00000002)
    __rt_exit_exit                           0x08000199   Thumb Code     0  rtexit2.o(.ARM.Collect$$rtexit$$00000004)
    SVC_Handler                              0x080001a1   Thumb Code    32  port.o(.emb_text)
    __asm___6_port_c_39a90d8d__prvStartFirstTask 0x080001c5   Thumb Code    28  port.o(.emb_text)
    PendSV_Handler                           0x080001e5   Thumb Code    72  port.o(.emb_text)
    vPortGetIPSR                             0x08000231   Thumb Code     6  port.o(.emb_text)
    Reset_Handler                            0x08000239   Thumb Code     8  startup_stm32f10x_md.o(.text)
    NMI_Handler                              0x08000241   Thumb Code     2  startup_stm32f10x_md.o(.text)
    HardFault_Handler                        0x08000243   Thumb Code     2  startup_stm32f10x_md.o(.text)
    MemManage_Handler                        0x08000245   Thumb Code     2  startup_stm32f10x_md.o(.text)
    BusFault_Handler                         0x08000247   Thumb Code     2  startup_stm32f10x_md.o(.text)
    UsageFault_Handler                       0x08000249   Thumb Code     2  startup_stm32f10x_md.o(.text)
    DebugMon_Handler                         0x0800024d   Thumb Code     2  startup_stm32f10x_md.o(.text)
    ADC1_2_IRQHandler                        0x08000253   Thumb Code     0  startup_stm32f10x_md.o(.text)
    CAN1_RX1_IRQHandler                      0x08000253   Thumb Code     0  startup_stm32f10x_md.o(.text)
    CAN1_SCE_IRQHandler                      0x08000253   Thumb Code     0  startup_stm32f10x_md.o(.text)
    DMA1_Channel2_IRQHandler                 0x08000253   Thumb Code     0  startup_stm32f10x_md.o(.text)
    DMA1_Channel3_IRQHandler                 0x08000253   Thumb Code     0  startup_stm32f10x_md.o(.text)
    DMA1_Channel4_IRQHandler                 0x08000253   Thumb Code     0  startup_stm32f10x_md.o(.text)
    DMA1_Channel5_IRQHandler                 0x08000253   Thumb Code     0  startup_stm32f10x_md.o(.text)
    DMA1_Channel6_IRQHandler                 0x08000253   Thumb Code     0  startup_stm32f10x_md.o(.text)
    DMA1_Channel7_IRQHandler                 0x08000253   Thumb Code     0  startup_stm32f10x_md.o(.text)
    EXTI0_IRQHandler                         0x08000253   Thumb Code     0  startup_stm32f10x_md.o(.text)
    EXTI15_10_IRQHandler                     0x08000253   Thumb Code     0  startup_stm32f10x_md.o(.text)
    EXTI1_IRQHandler                         0x08000253   Thumb Code     0  startup_stm32f10x_md.o(.text)
    EXTI2_IRQHandler                         0x08000253   Thumb Code     0  startup_stm32f10x_md.o(.text)
    EXTI9_5_IRQHandler                       0x08000253   Thumb Code     0  startup_stm32f10x_md.o(.text)
    FLASH_IRQHandler                         0x08000253   Thumb Code     0  startup_stm32f10x_md.o(.text)
    I2C1_ER_IRQHandler                       0x08000253   Thumb Code     0  startup_stm32f10x_md.o(.text)
    I2C1_EV_IRQHandler                       0x08000253   Thumb Code     0  startup_stm32f10x_md.o(.text)
    I2C2_ER_IRQHandler                       0x08000253   Thumb Code     0  startup_stm32f10x_md.o(.text)
    I2C2_EV_IRQHandler                       0x08000253   Thumb Code     0  startup_stm32f10x_md.o(.text)
    PVD_IRQHandler                           0x08000253   Thumb Code     0  startup_stm32f10x_md.o(.text)
    RCC_IRQHandler                           0x08000253   Thumb Code     0  startup_stm32f10x_md.o(.text)
    RTCAlarm_IRQHandler                      0x08000253   Thumb Code     0  startup_stm32f10x_md.o(.text)
    RTC_IRQHandler                           0x08000253   Thumb Code     0  startup_stm32f10x_md.o(.text)
    SPI1_IRQHandler                          0x08000253   Thumb Code     0  startup_stm32f10x_md.o(.text)
    SPI2_IRQHandler                          0x08000253   Thumb Code     0  startup_stm32f10x_md.o(.text)
    TAMPER_IRQHandler                        0x08000253   Thumb Code     0  startup_stm32f10x_md.o(.text)
    TIM1_BRK_IRQHandler                      0x08000253   Thumb Code     0  startup_stm32f10x_md.o(.text)
    TIM1_CC_IRQHandler                       0x08000253   Thumb Code     0  startup_stm32f10x_md.o(.text)
    TIM1_TRG_COM_IRQHandler                  0x08000253   Thumb Code     0  startup_stm32f10x_md.o(.text)
    TIM1_UP_IRQHandler                       0x08000253   Thumb Code     0  startup_stm32f10x_md.o(.text)
    TIM2_IRQHandler                          0x08000253   Thumb Code     0  startup_stm32f10x_md.o(.text)
    TIM3_IRQHandler                          0x08000253   Thumb Code     0  startup_stm32f10x_md.o(.text)
    TIM4_IRQHandler                          0x08000253   Thumb Code     0  startup_stm32f10x_md.o(.text)
    USART1_IRQHandler                        0x08000253   Thumb Code     0  startup_stm32f10x_md.o(.text)
    USART2_IRQHandler                        0x08000253   Thumb Code     0  startup_stm32f10x_md.o(.text)
    USART3_IRQHandler                        0x08000253   Thumb Code     0  startup_stm32f10x_md.o(.text)
    USBWakeUp_IRQHandler                     0x08000253   Thumb Code     0  startup_stm32f10x_md.o(.text)
    USB_HP_CAN1_TX_IRQHandler                0x08000253   Thumb Code     0  startup_stm32f10x_md.o(.text)
    USB_LP_CAN1_RX0_IRQHandler               0x08000253   Thumb Code     0  startup_stm32f10x_md.o(.text)
    WWDG_IRQHandler                          0x08000253   Thumb Code     0  startup_stm32f10x_md.o(.text)
    __user_initial_stackheap                 0x08000255   Thumb Code     0  startup_stm32f10x_md.o(.text)
    __2sprintf                               0x08000279   Thumb Code    34  noretval__2sprintf.o(.text)
    _printf_pre_padding                      0x080002a1   Thumb Code    44  _printf_pad.o(.text)
    _printf_post_padding                     0x080002cd   Thumb Code    34  _printf_pad.o(.text)
    _printf_str                              0x080002ef   Thumb Code    82  _printf_str.o(.text)
    _printf_int_dec                          0x08000341   Thumb Code   104  _printf_dec.o(.text)
    __printf                                 0x080003b9   Thumb Code   308  __printf_flags_wp.o(.text)
    __aeabi_memcpy                           0x080004f1   Thumb Code     0  rt_memcpy_v6.o(.text)
    __rt_memcpy                              0x080004f1   Thumb Code   138  rt_memcpy_v6.o(.text)
    _memcpy_lastbytes                        0x08000557   Thumb Code     0  rt_memcpy_v6.o(.text)
    __aeabi_memset                           0x0800057b   Thumb Code    16  aeabi_memset.o(.text)
    __use_two_region_memory                  0x0800058b   Thumb Code     2  heapauxi.o(.text)
    __rt_heap_escrow$2region                 0x0800058d   Thumb Code     2  heapauxi.o(.text)
    __rt_heap_expand$2region                 0x0800058f   Thumb Code     2  heapauxi.o(.text)
    _printf_int_common                       0x08000591   Thumb Code   178  _printf_intcommon.o(.text)
    _printf_char_common                      0x0800064f   Thumb Code    32  _printf_char_common.o(.text)
    _sputc                                   0x08000675   Thumb Code    10  _sputc.o(.text)
    _printf_cs_common                        0x0800067f   Thumb Code    20  _printf_char.o(.text)
    _printf_char                             0x08000693   Thumb Code    16  _printf_char.o(.text)
    _printf_string                           0x080006a3   Thumb Code     8  _printf_char.o(.text)
    __aeabi_memcpy4                          0x080006ab   Thumb Code     0  rt_memcpy_w.o(.text)
    __aeabi_memcpy8                          0x080006ab   Thumb Code     0  rt_memcpy_w.o(.text)
    __rt_memcpy_w                            0x080006ab   Thumb Code   100  rt_memcpy_w.o(.text)
    _memcpy_lastbytes_aligned                0x080006f3   Thumb Code     0  rt_memcpy_w.o(.text)
    __aeabi_memclr                           0x0800070f   Thumb Code     0  rt_memclr.o(.text)
    __rt_memclr                              0x0800070f   Thumb Code    68  rt_memclr.o(.text)
    _memset                                  0x08000713   Thumb Code     0  rt_memclr.o(.text)
    __aeabi_memclr4                          0x08000753   Thumb Code     0  rt_memclr_w.o(.text)
    __aeabi_memclr8                          0x08000753   Thumb Code     0  rt_memclr_w.o(.text)
    __rt_memclr_w                            0x08000753   Thumb Code    78  rt_memclr_w.o(.text)
    _memset_w                                0x08000757   Thumb Code     0  rt_memclr_w.o(.text)
    __user_setup_stackheap                   0x080007a1   Thumb Code    74  sys_stackheap_outer.o(.text)
    exit                                     0x080007eb   Thumb Code    18  exit.o(.text)
    __user_libspace                          0x080007fd   Thumb Code     8  libspace.o(.text)
    __user_perproc_libspace                  0x080007fd   Thumb Code     0  libspace.o(.text)
    _sys_exit                                0x08000805   Thumb Code     8  sys_exit.o(.text)
    __I$use$semihosting                      0x08000811   Thumb Code     0  use_no_semi.o(.text)
    __use_no_semihosting_swi                 0x08000811   Thumb Code     2  use_no_semi.o(.text)
    ADC_Cmd                                  0x08000813   Thumb Code    24  stm32f10x_adc.o(i.ADC_Cmd)
    __semihosting_library_function           0x08000813   Thumb Code     0  indicate_semi.o(.text)
    ADC_Config                               0x0800082d   Thumb Code    90  adc.o(i.ADC_Config)
    BCD2DEC                                  0x08000891   Thumb Code    18  main.o(i.BCD2DEC)
    DHT11_Check_Response                     0x080008a5   Thumb Code    72  dht11.o(i.DHT11_Check_Response)
    DHT11_Config                             0x080008f1   Thumb Code    28  gpio_config.o(i.DHT11_Config)
    DHT11_Read                               0x08000911   Thumb Code    66  dht11.o(i.DHT11_Read)
    DHT11_Read_Bit                           0x08000959   Thumb Code    82  dht11.o(i.DHT11_Read_Bit)
    DHT11_Read_Byte                          0x080009b1   Thumb Code    26  dht11.o(i.DHT11_Read_Byte)
    DHT11_Start                              0x080009cd   Thumb Code    48  dht11.o(i.DHT11_Start)
    DMA1_Channel1_IRQHandler                 0x08000a01   Thumb Code    52  dma.o(i.DMA1_Channel1_IRQHandler)
    DMA_Config                               0x08000a41   Thumb Code    54  dma.o(i.DMA_Config)
    Delay_1ms                                0x08000a8d   Thumb Code    46  delay.o(i.Delay_1ms)
    Delay_1us                                0x08000ac1   Thumb Code    42  delay.o(i.Delay_1us)
    Delay_ms                                 0x08000af1   Thumb Code    18  delay.o(i.Delay_ms)
    Delay_us                                 0x08000b03   Thumb Code    18  delay.o(i.Delay_us)
    EXTI3_IRQHandler                         0x08000b15   Thumb Code    82  interrupt.o(i.EXTI3_IRQHandler)
    EXTI4_IRQHandler                         0x08000b75   Thumb Code    84  interrupt.o(i.EXTI4_IRQHandler)
    EXTI_ClearITPendingBit                   0x08000bd5   Thumb Code     6  stm32f10x_exti.o(i.EXTI_ClearITPendingBit)
    EXTI_GetITStatus                         0x08000be1   Thumb Code    28  stm32f10x_exti.o(i.EXTI_GetITStatus)
    EXTI_Init                                0x08000c01   Thumb Code   110  stm32f10x_exti.o(i.EXTI_Init)
    Encoder_Config_PA5_PA6                   0x08000c75   Thumb Code    38  main.o(i.Encoder_Config_PA5_PA6)
    GPIOA_All_Config                         0x08000ca1   Thumb Code   148  gpio_config.o(i.GPIOA_All_Config)
    GPIO_EXTILineConfig                      0x08000d39   Thumb Code    34  stm32f10x_gpio.o(i.GPIO_EXTILineConfig)
    GPIO_Init                                0x08000d61   Thumb Code   166  stm32f10x_gpio.o(i.GPIO_Init)
    GPIO_ReadInputDataBit                    0x08000e07   Thumb Code    14  stm32f10x_gpio.o(i.GPIO_ReadInputDataBit)
    GPIO_ResetBits                           0x08000e15   Thumb Code     4  stm32f10x_gpio.o(i.GPIO_ResetBits)
    GPIO_SetBits                             0x08000e19   Thumb Code     4  stm32f10x_gpio.o(i.GPIO_SetBits)
    I2C_AcknowledgeConfig                    0x08000e1d   Thumb Code    24  stm32f10x_i2c.o(i.I2C_AcknowledgeConfig)
    I2C_CheckEvent                           0x08000e35   Thumb Code    24  stm32f10x_i2c.o(i.I2C_CheckEvent)
    I2C_Cmd                                  0x08000e4d   Thumb Code    24  stm32f10x_i2c.o(i.I2C_Cmd)
    I2C_Config                               0x08000e65   Thumb Code   104  lcd.o(i.I2C_Config)
    I2C_GenerateSTART                        0x08000ed9   Thumb Code    24  stm32f10x_i2c.o(i.I2C_GenerateSTART)
    I2C_GenerateSTOP                         0x08000ef1   Thumb Code    24  stm32f10x_i2c.o(i.I2C_GenerateSTOP)
    I2C_GetFlagStatus                        0x08000f09   Thumb Code    50  stm32f10x_i2c.o(i.I2C_GetFlagStatus)
    I2C_Init                                 0x08000f3d   Thumb Code   182  stm32f10x_i2c.o(i.I2C_Init)
    I2C_ReceiveData                          0x08000ffd   Thumb Code     6  stm32f10x_i2c.o(i.I2C_ReceiveData)
    I2C_Send7bitAddress                      0x08001003   Thumb Code    18  stm32f10x_i2c.o(i.I2C_Send7bitAddress)
    I2C_SendData                             0x08001015   Thumb Code     4  stm32f10x_i2c.o(i.I2C_SendData)
    I2C_WriteByte                            0x08001019   Thumb Code   108  lcd.o(i.I2C_WriteByte)
    Interrupt_Config                         0x08001091   Thumb Code   138  interrupt.o(i.Interrupt_Config)
    LCD_Clear_Task                           0x0800111b   Thumb Code    18  main.o(i.LCD_Clear_Task)
    LCD_Init                                 0x0800112d   Thumb Code    42  lcd.o(i.LCD_Init)
    LCD_Print                                0x08001157   Thumb Code    20  lcd.o(i.LCD_Print)
    LCD_SendCommand                          0x0800116b   Thumb Code    58  lcd.o(i.LCD_SendCommand)
    LCD_SendData                             0x080011a5   Thumb Code    62  lcd.o(i.LCD_SendData)
    NVIC_Init                                0x080011e5   Thumb Code    96  misc.o(i.NVIC_Init)
    NVIC_PriorityGroupConfig                 0x08001249   Thumb Code    10  misc.o(i.NVIC_PriorityGroupConfig)
    PWM_Config                               0x0800125d   Thumb Code    98  pwm.o(i.PWM_Config)
    RCC_APB1PeriphClockCmd                   0x080012c5   Thumb Code    22  stm32f10x_rcc.o(i.RCC_APB1PeriphClockCmd)
    RCC_APB2PeriphClockCmd                   0x080012e1   Thumb Code    22  stm32f10x_rcc.o(i.RCC_APB2PeriphClockCmd)
    RCC_GetClocksFreq                        0x080012fd   Thumb Code   154  stm32f10x_rcc.o(i.RCC_GetClocksFreq)
    RTC_Read_Safe                            0x080013a9   Thumb Code   252  main.o(i.RTC_Read_Safe)
    SetDuty                                  0x080014b1   Thumb Code    18  pwm.o(i.SetDuty)
    SysTick_Handler                          0x0800157d   Thumb Code    26  cmsis_os2.o(i.SysTick_Handler)
    SystemInit                               0x08001599   Thumb Code    64  system_stm32f10x.o(i.SystemInit)
    TIM_Cmd                                  0x080015e9   Thumb Code    24  stm32f10x_tim.o(i.TIM_Cmd)
    TIM_CtrlPWMOutputs                       0x08001601   Thumb Code    28  stm32f10x_tim.o(i.TIM_CtrlPWMOutputs)
    TIM_GetCounter                           0x0800161d   Thumb Code     4  stm32f10x_tim.o(i.TIM_GetCounter)
    TIM_OC1Init                              0x08001621   Thumb Code   114  stm32f10x_tim.o(i.TIM_OC1Init)
    TIM_OC1PreloadConfig                     0x080016a9   Thumb Code    12  stm32f10x_tim.o(i.TIM_OC1PreloadConfig)
    TIM_SetCounter                           0x080016b5   Thumb Code     4  stm32f10x_tim.o(i.TIM_SetCounter)
    TIM_TimeBaseInit                         0x080016b9   Thumb Code   114  stm32f10x_tim.o(i.TIM_TimeBaseInit)
    Task_Control                             0x08001755   Thumb Code   140  main.o(i.Task_Control)
    Task_Encoder                             0x080017e5   Thumb Code    94  main.o(i.Task_Encoder)
    Task_Sensor                              0x0800184d   Thumb Code   420  main.o(i.Task_Sensor)
    Tim_config                               0x08001a9d   Thumb Code    40  delay.o(i.Tim_config)
    USART_Cmd                                0x08001ac9   Thumb Code    24  stm32f10x_usart.o(i.USART_Cmd)
    USART_GetFlagStatus                      0x08001ae1   Thumb Code    14  stm32f10x_usart.o(i.USART_GetFlagStatus)
    USART_Init                               0x08001af1   Thumb Code   182  stm32f10x_usart.o(i.USART_Init)
    USART_SendData                           0x08001bad   Thumb Code     8  stm32f10x_usart.o(i.USART_SendData)
    Uart_Config                              0x08001bb5   Thumb Code    60  uart.o(i.Uart_Config)
    Uart_SendChar                            0x08001bf5   Thumb Code    26  uart.o(i.Uart_SendChar)
    Uart_SendStr                             0x08001c15   Thumb Code    20  uart.o(i.Uart_SendStr)
    _is_digit                                0x08001c29   Thumb Code    14  __printf_wp.o(i._is_digit)
    _mutex_acquire                           0x08001c37   Thumb Code    28  clib_arm.o(i._mutex_acquire)
    _mutex_free                              0x08001c55   Thumb Code    40  clib_arm.o(i._mutex_free)
    _mutex_initialize                        0x08001c81   Thumb Code    76  clib_arm.o(i._mutex_initialize)
    _mutex_release                           0x08001cd5   Thumb Code    30  clib_arm.o(i._mutex_release)
    _platform_post_stackheap_init            0x08001cf3   Thumb Code     2  clib_arm.o(i._platform_post_stackheap_init)
    main                                     0x08001cf5   Thumb Code   162  main.o(i.main)
    pvPortMalloc                             0x080025b9   Thumb Code   148  heap_4.o(i.pvPortMalloc)
    pvTaskIncrementMutexHeldCount            0x08002651   Thumb Code    20  tasks.o(i.pvTaskIncrementMutexHeldCount)
    pxPortInitialiseStack                    0x08002669   Thumb Code    24  port.o(i.pxPortInitialiseStack)
    uxListRemove                             0x08002685   Thumb Code    38  list.o(i.uxListRemove)
    vApplicationGetIdleTaskMemory            0x080026ad   Thumb Code    16  cmsis_os2.o(i.vApplicationGetIdleTaskMemory)
    vApplicationGetTimerTaskMemory           0x080026c1   Thumb Code    16  cmsis_os2.o(i.vApplicationGetTimerTaskMemory)
    vApplicationStackOverflowHook            0x080026d5   Thumb Code     2  cmsis_os2.o(i.vApplicationStackOverflowHook)
    vListInitialise                          0x080026d7   Thumb Code    22  list.o(i.vListInitialise)
    vListInitialiseItem                      0x080026ed   Thumb Code     6  list.o(i.vListInitialiseItem)
    vListInsert                              0x080026f3   Thumb Code    48  list.o(i.vListInsert)
    vListInsertEnd                           0x08002723   Thumb Code    24  list.o(i.vListInsertEnd)
    vPortEnterCritical                       0x0800273d   Thumb Code    24  port.o(i.vPortEnterCritical)
    vPortExitCritical                        0x08002759   Thumb Code    18  port.o(i.vPortExitCritical)
    vPortFree                                0x08002771   Thumb Code    58  heap_4.o(i.vPortFree)
    vPortSetupTimerInterrupt                 0x080027b1   Thumb Code    32  port.o(i.vPortSetupTimerInterrupt)
    vQueueDelete                             0x080027d5   Thumb Code    14  queue.o(i.vQueueDelete)
    vQueueWaitForMessageRestricted           0x080027e3   Thumb Code    70  queue.o(i.vQueueWaitForMessageRestricted)
    vTaskDelay                               0x08002829   Thumb Code    48  tasks.o(i.vTaskDelay)
    vTaskInternalSetTimeOutState             0x0800285d   Thumb Code    12  tasks.o(i.vTaskInternalSetTimeOutState)
    vTaskMissedYield                         0x0800286d   Thumb Code     8  tasks.o(i.vTaskMissedYield)
    vTaskPlaceOnEventList                    0x08002879   Thumb Code    26  tasks.o(i.vTaskPlaceOnEventList)
    vTaskPlaceOnEventListRestricted          0x08002899   Thumb Code    34  tasks.o(i.vTaskPlaceOnEventListRestricted)
    vTaskPriorityDisinheritAfterTimeout      0x080028c1   Thumb Code    98  tasks.o(i.vTaskPriorityDisinheritAfterTimeout)
    vTaskStartScheduler                      0x0800292d   Thumb Code   106  tasks.o(i.vTaskStartScheduler)
    vTaskSuspendAll                          0x080029a9   Thumb Code    10  tasks.o(i.vTaskSuspendAll)
    vTaskSwitchContext                       0x080029b9   Thumb Code   118  tasks.o(i.vTaskSwitchContext)
    xPortStartScheduler                      0x08002a39   Thumb Code    38  port.o(i.xPortStartScheduler)
    xPortSysTickHandler                      0x08002a69   Thumb Code    38  port.o(i.xPortSysTickHandler)
    xQueueCreateMutex                        0x08002a95   Thumb Code    24  queue.o(i.xQueueCreateMutex)
    xQueueCreateMutexStatic                  0x08002aad   Thumb Code    28  queue.o(i.xQueueCreateMutexStatic)
    xQueueGenericCreate                      0x08002ac9   Thumb Code    56  queue.o(i.xQueueGenericCreate)
    xQueueGenericCreateStatic                0x08002b01   Thumb Code    30  queue.o(i.xQueueGenericCreateStatic)
    xQueueGenericReset                       0x08002b21   Thumb Code   114  queue.o(i.xQueueGenericReset)
    xQueueGenericSend                        0x08002b99   Thumb Code   244  queue.o(i.xQueueGenericSend)
    xQueueGenericSendFromISR                 0x08002c91   Thumb Code   102  queue.o(i.xQueueGenericSendFromISR)
    xQueueGiveFromISR                        0x08002cf7   Thumb Code    86  queue.o(i.xQueueGiveFromISR)
    xQueueReceive                            0x08002d4d   Thumb Code   236  queue.o(i.xQueueReceive)
    xQueueSemaphoreTake                      0x08002e3d   Thumb Code   286  queue.o(i.xQueueSemaphoreTake)
    xTaskCheckForTimeOut                     0x08002f61   Thumb Code    80  tasks.o(i.xTaskCheckForTimeOut)
    xTaskCreate                              0x08002fb5   Thumb Code   100  tasks.o(i.xTaskCreate)
    xTaskCreateStatic                        0x08003019   Thumb Code    60  tasks.o(i.xTaskCreateStatic)
    xTaskGetSchedulerState                   0x08003055   Thumb Code    24  tasks.o(i.xTaskGetSchedulerState)
    xTaskGetTickCount                        0x08003071   Thumb Code     6  tasks.o(i.xTaskGetTickCount)
    xTaskGetTickCountFromISR                 0x0800307d   Thumb Code     6  tasks.o(i.xTaskGetTickCountFromISR)
    xTaskIncrementTick                       0x08003089   Thumb Code   172  tasks.o(i.xTaskIncrementTick)
    xTaskPriorityDisinherit                  0x0800313d   Thumb Code    76  tasks.o(i.xTaskPriorityDisinherit)
    xTaskPriorityInherit                     0x08003191   Thumb Code   116  tasks.o(i.xTaskPriorityInherit)
    xTaskRemoveFromEventList                 0x0800320d   Thumb Code    86  tasks.o(i.xTaskRemoveFromEventList)
    xTaskResumeAll                           0x08003271   Thumb Code   164  tasks.o(i.xTaskResumeAll)
    xTimerCreateTimerTask                    0x08003325   Thumb Code    68  timers.o(i.xTimerCreateTimerTask)
    xTimerGenericCommand                     0x08003379   Thumb Code    84  timers.o(i.xTimerGenericCommand)
    Region$$Table$$Base                      0x080033e4   Number         0  anon$$obj.o(Region$$Table)
    Region$$Table$$Limit                     0x08003404   Number         0  anon$$obj.o(Region$$Table)
    Mode                                     0x20000000   Data           1  main.o(.data)
    Manual                                   0x20000001   Data           1  main.o(.data)
    CurrentState                             0x20000002   Data           1  main.o(.data)
    menu_cursor                              0x20000003   Data           1  main.o(.data)
    xControlQueue                            0x20000004   Data           4  main.o(.data)
    xMutex                                   0x20000008   Data           4  main.o(.data)
    dest                                     0x20000014   Data           2  dma.o(.data)
    xSmp_DMA                                 0x20000018   Data           4  dma.o(.data)
    dht11_data                               0x2000001c   Data           5  dht11.o(.data)
    SystemCoreClock                          0x20000038   Data           4  system_stm32f10x.o(.data)
    AHBPrescTable                            0x2000003c   Data          16  system_stm32f10x.o(.data)
    pxCurrentTCB                             0x20000068   Data           4  tasks.o(.data)
    __libspace_start                         0x20002dd0   Data          96  libspace.o(.bss)
    __temporary_stack_top$libspace           0x20002e30   Data           0  libspace.o(.bss)



==============================================================================

Memory Map of the image

  Image Entry point : 0x080000ed

  Load Region LR_IROM1 (Base: 0x08000000, Size: 0x000034bc, Max: 0x00010000, ABSOLUTE)

    Execution Region ER_IROM1 (Exec base: 0x08000000, Load base: 0x08000000, Size: 0x00003404, Max: 0x00010000, ABSOLUTE)

    Exec Addr    Load Addr    Size         Type   Attr      Idx    E Section Name        Object

    0x08000000   0x08000000   0x000000ec   Data   RO         2928    RESET               startup_stm32f10x_md.o
    0x080000ec   0x080000ec   0x00000008   Code   RO         4157  * !!!main             c_w.l(__main.o)
    0x080000f4   0x080000f4   0x00000034   Code   RO         4329    !!!scatter          c_w.l(__scatter.o)
    0x08000128   0x08000128   0x0000001a   Code   RO         4331    !!handler_copy      c_w.l(__scatter_copy.o)
    0x08000142   0x08000142   0x00000002   PAD
    0x08000144   0x08000144   0x0000001c   Code   RO         4333    !!handler_zi        c_w.l(__scatter_zi.o)
    0x08000160   0x08000160   0x00000000   Code   RO         4150    .ARM.Collect$$_printf_percent$$00000000  c_w.l(_printf_percent.o)
    0x08000160   0x08000160   0x00000006   Code   RO         4149    .ARM.Collect$$_printf_percent$$00000009  c_w.l(_printf_d.o)
    0x08000166   0x08000166   0x00000006   Code   RO         4148    .ARM.Collect$$_printf_percent$$00000014  c_w.l(_printf_s.o)
    0x0800016c   0x0800016c   0x00000004   Code   RO         4168    .ARM.Collect$$_printf_percent$$00000017  c_w.l(_printf_percent_end.o)
    0x08000170   0x08000170   0x00000002   Code   RO         4199    .ARM.Collect$$libinit$$00000000  c_w.l(libinit.o)
    0x08000172   0x08000172   0x00000000   Code   RO         4206    .ARM.Collect$$libinit$$00000002  c_w.l(libinit2.o)
    0x08000172   0x08000172   0x00000000   Code   RO         4208    .ARM.Collect$$libinit$$00000004  c_w.l(libinit2.o)
    0x08000172   0x08000172   0x00000000   Code   RO         4211    .ARM.Collect$$libinit$$0000000A  c_w.l(libinit2.o)
    0x08000172   0x08000172   0x00000000   Code   RO         4213    .ARM.Collect$$libinit$$0000000C  c_w.l(libinit2.o)
    0x08000172   0x08000172   0x00000000   Code   RO         4215    .ARM.Collect$$libinit$$0000000E  c_w.l(libinit2.o)
    0x08000172   0x08000172   0x00000000   Code   RO         4218    .ARM.Collect$$libinit$$00000011  c_w.l(libinit2.o)
    0x08000172   0x08000172   0x00000000   Code   RO         4220    .ARM.Collect$$libinit$$00000013  c_w.l(libinit2.o)
    0x08000172   0x08000172   0x00000000   Code   RO         4222    .ARM.Collect$$libinit$$00000015  c_w.l(libinit2.o)
    0x08000172   0x08000172   0x00000000   Code   RO         4224    .ARM.Collect$$libinit$$00000017  c_w.l(libinit2.o)
    0x08000172   0x08000172   0x00000000   Code   RO         4226    .ARM.Collect$$libinit$$00000019  c_w.l(libinit2.o)
    0x08000172   0x08000172   0x00000000   Code   RO         4228    .ARM.Collect$$libinit$$0000001B  c_w.l(libinit2.o)
    0x08000172   0x08000172   0x00000000   Code   RO         4230    .ARM.Collect$$libinit$$0000001D  c_w.l(libinit2.o)
    0x08000172   0x08000172   0x00000000   Code   RO         4232    .ARM.Collect$$libinit$$0000001F  c_w.l(libinit2.o)
    0x08000172   0x08000172   0x00000000   Code   RO         4234    .ARM.Collect$$libinit$$00000021  c_w.l(libinit2.o)
    0x08000172   0x08000172   0x00000000   Code   RO         4236    .ARM.Collect$$libinit$$00000023  c_w.l(libinit2.o)
    0x08000172   0x08000172   0x00000000   Code   RO         4238    .ARM.Collect$$libinit$$00000025  c_w.l(libinit2.o)
    0x08000172   0x08000172   0x00000000   Code   RO         4242    .ARM.Collect$$libinit$$0000002C  c_w.l(libinit2.o)
    0x08000172   0x08000172   0x00000000   Code   RO         4244    .ARM.Collect$$libinit$$0000002E  c_w.l(libinit2.o)
    0x08000172   0x08000172   0x00000000   Code   RO         4246    .ARM.Collect$$libinit$$00000030  c_w.l(libinit2.o)
    0x08000172   0x08000172   0x00000000   Code   RO         4248    .ARM.Collect$$libinit$$00000032  c_w.l(libinit2.o)
    0x08000172   0x08000172   0x00000002   Code   RO         4249    .ARM.Collect$$libinit$$00000033  c_w.l(libinit2.o)
    0x08000174   0x08000174   0x00000002   Code   RO         4269    .ARM.Collect$$libshutdown$$00000000  c_w.l(libshutdown.o)
    0x08000176   0x08000176   0x00000000   Code   RO         4282    .ARM.Collect$$libshutdown$$00000002  c_w.l(libshutdown2.o)
    0x08000176   0x08000176   0x00000000   Code   RO         4284    .ARM.Collect$$libshutdown$$00000004  c_w.l(libshutdown2.o)
    0x08000176   0x08000176   0x00000000   Code   RO         4287    .ARM.Collect$$libshutdown$$00000007  c_w.l(libshutdown2.o)
    0x08000176   0x08000176   0x00000000   Code   RO         4290    .ARM.Collect$$libshutdown$$0000000A  c_w.l(libshutdown2.o)
    0x08000176   0x08000176   0x00000000   Code   RO         4292    .ARM.Collect$$libshutdown$$0000000C  c_w.l(libshutdown2.o)
    0x08000176   0x08000176   0x00000000   Code   RO         4295    .ARM.Collect$$libshutdown$$0000000F  c_w.l(libshutdown2.o)
    0x08000176   0x08000176   0x00000002   Code   RO         4296    .ARM.Collect$$libshutdown$$00000010  c_w.l(libshutdown2.o)
    0x08000178   0x08000178   0x00000000   Code   RO         4159    .ARM.Collect$$rtentry$$00000000  c_w.l(__rtentry.o)
    0x08000178   0x08000178   0x00000000   Code   RO         4174    .ARM.Collect$$rtentry$$00000002  c_w.l(__rtentry2.o)
    0x08000178   0x08000178   0x00000006   Code   RO         4186    .ARM.Collect$$rtentry$$00000004  c_w.l(__rtentry4.o)
    0x0800017e   0x0800017e   0x00000008   Code   RO         4175    .ARM.Collect$$rtentry$$00000008  c_w.l(__rtentry2.o)
    0x08000186   0x08000186   0x00000004   Code   RO         4177    .ARM.Collect$$rtentry$$0000000A  c_w.l(__rtentry2.o)
    0x0800018a   0x0800018a   0x00000000   Code   RO         4179    .ARM.Collect$$rtentry$$0000000C  c_w.l(__rtentry2.o)
    0x0800018a   0x0800018a   0x00000008   Code   RO         4180    .ARM.Collect$$rtentry$$0000000D  c_w.l(__rtentry2.o)
    0x08000192   0x08000192   0x00000002   Code   RO         4203    .ARM.Collect$$rtexit$$00000000  c_w.l(rtexit.o)
    0x08000194   0x08000194   0x00000000   Code   RO         4251    .ARM.Collect$$rtexit$$00000002  c_w.l(rtexit2.o)
    0x08000194   0x08000194   0x00000004   Code   RO         4252    .ARM.Collect$$rtexit$$00000003  c_w.l(rtexit2.o)
    0x08000198   0x08000198   0x00000006   Code   RO         4253    .ARM.Collect$$rtexit$$00000004  c_w.l(rtexit2.o)
    0x0800019e   0x0800019e   0x00000002   PAD
    0x080001a0   0x080001a0   0x00000096   Code   RO         3243    .emb_text           port.o
    0x08000236   0x08000236   0x00000002   PAD
    0x08000238   0x08000238   0x00000040   Code   RO         2929    .text               startup_stm32f10x_md.o
    0x08000278   0x08000278   0x00000028   Code   RO         4118    .text               c_w.l(noretval__2sprintf.o)
    0x080002a0   0x080002a0   0x0000004e   Code   RO         4122    .text               c_w.l(_printf_pad.o)
    0x080002ee   0x080002ee   0x00000052   Code   RO         4124    .text               c_w.l(_printf_str.o)
    0x08000340   0x08000340   0x00000078   Code   RO         4126    .text               c_w.l(_printf_dec.o)
    0x080003b8   0x080003b8   0x00000138   Code   RO         4140    .text               c_w.l(__printf_flags_wp.o)
    0x080004f0   0x080004f0   0x0000008a   Code   RO         4151    .text               c_w.l(rt_memcpy_v6.o)
    0x0800057a   0x0800057a   0x00000010   Code   RO         4153    .text               c_w.l(aeabi_memset.o)
    0x0800058a   0x0800058a   0x00000006   Code   RO         4155    .text               c_w.l(heapauxi.o)
    0x08000590   0x08000590   0x000000b2   Code   RO         4160    .text               c_w.l(_printf_intcommon.o)
    0x08000642   0x08000642   0x00000002   PAD
    0x08000644   0x08000644   0x00000030   Code   RO         4162    .text               c_w.l(_printf_char_common.o)
    0x08000674   0x08000674   0x0000000a   Code   RO         4164    .text               c_w.l(_sputc.o)
    0x0800067e   0x0800067e   0x0000002c   Code   RO         4166    .text               c_w.l(_printf_char.o)
    0x080006aa   0x080006aa   0x00000064   Code   RO         4169    .text               c_w.l(rt_memcpy_w.o)
    0x0800070e   0x0800070e   0x00000044   Code   RO         4171    .text               c_w.l(rt_memclr.o)
    0x08000752   0x08000752   0x0000004e   Code   RO         4190    .text               c_w.l(rt_memclr_w.o)
    0x080007a0   0x080007a0   0x0000004a   Code   RO         4192    .text               c_w.l(sys_stackheap_outer.o)
    0x080007ea   0x080007ea   0x00000012   Code   RO         4194    .text               c_w.l(exit.o)
    0x080007fc   0x080007fc   0x00000008   Code   RO         4200    .text               c_w.l(libspace.o)
    0x08000804   0x08000804   0x0000000c   Code   RO         4261    .text               c_w.l(sys_exit.o)
    0x08000810   0x08000810   0x00000002   Code   RO         4272    .text               c_w.l(use_no_semi.o)
    0x08000812   0x08000812   0x00000000   Code   RO         4274    .text               c_w.l(indicate_semi.o)
    0x08000812   0x08000812   0x00000018   Code   RO         1245    i.ADC_Cmd           stm32f10x_adc.o
    0x0800082a   0x0800082a   0x00000002   PAD
    0x0800082c   0x0800082c   0x00000064   Code   RO          252    i.ADC_Config        adc.o
    0x08000890   0x08000890   0x00000012   Code   RO            4    i.BCD2DEC           main.o
    0x080008a2   0x080008a2   0x00000002   PAD
    0x080008a4   0x080008a4   0x0000004c   Code   RO          407    i.DHT11_Check_Response  dht11.o
    0x080008f0   0x080008f0   0x00000020   Code   RO          377    i.DHT11_Config      gpio_config.o
    0x08000910   0x08000910   0x00000048   Code   RO          408    i.DHT11_Read        dht11.o
    0x08000958   0x08000958   0x00000058   Code   RO          409    i.DHT11_Read_Bit    dht11.o
    0x080009b0   0x080009b0   0x0000001a   Code   RO          410    i.DHT11_Read_Byte   dht11.o
    0x080009ca   0x080009ca   0x00000002   PAD
    0x080009cc   0x080009cc   0x00000034   Code   RO          411    i.DHT11_Start       dht11.o
    0x08000a00   0x08000a00   0x00000040   Code   RO          276    i.DMA1_Channel1_IRQHandler  dma.o
    0x08000a40   0x08000a40   0x0000004c   Code   RO          277    i.DMA_Config        dma.o
    0x08000a8c   0x08000a8c   0x00000034   Code   RO          461    i.Delay_1ms         delay.o
    0x08000ac0   0x08000ac0   0x00000030   Code   RO          462    i.Delay_1us         delay.o
    0x08000af0   0x08000af0   0x00000012   Code   RO          463    i.Delay_ms          delay.o
    0x08000b02   0x08000b02   0x00000012   Code   RO          464    i.Delay_us          delay.o
    0x08000b14   0x08000b14   0x00000060   Code   RO          211    i.EXTI3_IRQHandler  interrupt.o
    0x08000b74   0x08000b74   0x00000060   Code   RO          212    i.EXTI4_IRQHandler  interrupt.o
    0x08000bd4   0x08000bd4   0x0000000c   Code   RO         1558    i.EXTI_ClearITPendingBit  stm32f10x_exti.o
    0x08000be0   0x08000be0   0x00000020   Code   RO         1562    i.EXTI_GetITStatus  stm32f10x_exti.o
    0x08000c00   0x08000c00   0x00000074   Code   RO         1563    i.EXTI_Init         stm32f10x_exti.o
    0x08000c74   0x08000c74   0x0000002c   Code   RO            5    i.Encoder_Config_PA5_PA6  main.o
    0x08000ca0   0x08000ca0   0x00000098   Code   RO          378    i.GPIOA_All_Config  gpio_config.o
    0x08000d38   0x08000d38   0x00000028   Code   RO         1626    i.GPIO_EXTILineConfig  stm32f10x_gpio.o
    0x08000d60   0x08000d60   0x000000a6   Code   RO         1629    i.GPIO_Init         stm32f10x_gpio.o
    0x08000e06   0x08000e06   0x0000000e   Code   RO         1633    i.GPIO_ReadInputDataBit  stm32f10x_gpio.o
    0x08000e14   0x08000e14   0x00000004   Code   RO         1636    i.GPIO_ResetBits    stm32f10x_gpio.o
    0x08000e18   0x08000e18   0x00000004   Code   RO         1637    i.GPIO_SetBits      stm32f10x_gpio.o
    0x08000e1c   0x08000e1c   0x00000018   Code   RO         1750    i.I2C_AcknowledgeConfig  stm32f10x_i2c.o
    0x08000e34   0x08000e34   0x00000018   Code   RO         1752    i.I2C_CheckEvent    stm32f10x_i2c.o
    0x08000e4c   0x08000e4c   0x00000018   Code   RO         1755    i.I2C_Cmd           stm32f10x_i2c.o
    0x08000e64   0x08000e64   0x00000074   Code   RO          509    i.I2C_Config        lcd.o
    0x08000ed8   0x08000ed8   0x00000018   Code   RO         1762    i.I2C_GenerateSTART  stm32f10x_i2c.o
    0x08000ef0   0x08000ef0   0x00000018   Code   RO         1763    i.I2C_GenerateSTOP  stm32f10x_i2c.o
    0x08000f08   0x08000f08   0x00000032   Code   RO         1764    i.I2C_GetFlagStatus  stm32f10x_i2c.o
    0x08000f3a   0x08000f3a   0x00000002   PAD
    0x08000f3c   0x08000f3c   0x000000c0   Code   RO         1769    i.I2C_Init          stm32f10x_i2c.o
    0x08000ffc   0x08000ffc   0x00000006   Code   RO         1774    i.I2C_ReceiveData   stm32f10x_i2c.o
    0x08001002   0x08001002   0x00000012   Code   RO         1776    i.I2C_Send7bitAddress  stm32f10x_i2c.o
    0x08001014   0x08001014   0x00000004   Code   RO         1777    i.I2C_SendData      stm32f10x_i2c.o
    0x08001018   0x08001018   0x00000078   Code   RO          510    i.I2C_WriteByte     lcd.o
    0x08001090   0x08001090   0x0000008a   Code   RO          213    i.Interrupt_Config  interrupt.o
    0x0800111a   0x0800111a   0x00000012   Code   RO            6    i.LCD_Clear_Task    main.o
    0x0800112c   0x0800112c   0x0000002a   Code   RO          511    i.LCD_Init          lcd.o
    0x08001156   0x08001156   0x00000014   Code   RO          512    i.LCD_Print         lcd.o
    0x0800116a   0x0800116a   0x0000003a   Code   RO          513    i.LCD_SendCommand   lcd.o
    0x080011a4   0x080011a4   0x0000003e   Code   RO          514    i.LCD_SendData      lcd.o
    0x080011e2   0x080011e2   0x00000002   PAD
    0x080011e4   0x080011e4   0x00000064   Code   RO         1191    i.NVIC_Init         misc.o
    0x08001248   0x08001248   0x00000014   Code   RO         1192    i.NVIC_PriorityGroupConfig  misc.o
    0x0800125c   0x0800125c   0x00000068   Code   RO          563    i.PWM_Config        pwm.o
    0x080012c4   0x080012c4   0x0000001c   Code   RO         1967    i.RCC_APB1PeriphClockCmd  stm32f10x_rcc.o
    0x080012e0   0x080012e0   0x0000001c   Code   RO         1969    i.RCC_APB2PeriphClockCmd  stm32f10x_rcc.o
    0x080012fc   0x080012fc   0x000000ac   Code   RO         1977    i.RCC_GetClocksFreq  stm32f10x_rcc.o
    0x080013a8   0x080013a8   0x00000108   Code   RO            7    i.RTC_Read_Safe     main.o
    0x080014b0   0x080014b0   0x00000018   Code   RO          564    i.SetDuty           pwm.o
    0x080014c8   0x080014c8   0x00000004   Code   RO         2936    i.SetSysClock       system_stm32f10x.o
    0x080014cc   0x080014cc   0x000000b0   Code   RO         2937    i.SetSysClockTo72   system_stm32f10x.o
    0x0800157c   0x0800157c   0x0000001a   Code   RO          655    i.SysTick_Handler   cmsis_os2.o
    0x08001596   0x08001596   0x00000002   PAD
    0x08001598   0x08001598   0x00000050   Code   RO         2939    i.SystemInit        system_stm32f10x.o
    0x080015e8   0x080015e8   0x00000018   Code   RO         2193    i.TIM_Cmd           stm32f10x_tim.o
    0x08001600   0x08001600   0x0000001c   Code   RO         2195    i.TIM_CtrlPWMOutputs  stm32f10x_tim.o
    0x0800161c   0x0800161c   0x00000004   Code   RO         2212    i.TIM_GetCounter    stm32f10x_tim.o
    0x08001620   0x08001620   0x00000088   Code   RO         2222    i.TIM_OC1Init       stm32f10x_tim.o
    0x080016a8   0x080016a8   0x0000000c   Code   RO         2225    i.TIM_OC1PreloadConfig  stm32f10x_tim.o
    0x080016b4   0x080016b4   0x00000004   Code   RO         2258    i.TIM_SetCounter    stm32f10x_tim.o
    0x080016b8   0x080016b8   0x0000009c   Code   RO         2264    i.TIM_TimeBaseInit  stm32f10x_tim.o
    0x08001754   0x08001754   0x00000090   Code   RO            8    i.Task_Control      main.o
    0x080017e4   0x080017e4   0x00000068   Code   RO            9    i.Task_Encoder      main.o
    0x0800184c   0x0800184c   0x00000250   Code   RO           10    i.Task_Sensor       main.o
    0x08001a9c   0x08001a9c   0x0000002c   Code   RO          465    i.Tim_config        delay.o
    0x08001ac8   0x08001ac8   0x00000018   Code   RO         2741    i.USART_Cmd         stm32f10x_usart.o
    0x08001ae0   0x08001ae0   0x0000000e   Code   RO         2744    i.USART_GetFlagStatus  stm32f10x_usart.o
    0x08001aee   0x08001aee   0x00000002   PAD
    0x08001af0   0x08001af0   0x000000bc   Code   RO         2748    i.USART_Init        stm32f10x_usart.o
    0x08001bac   0x08001bac   0x00000008   Code   RO         2758    i.USART_SendData    stm32f10x_usart.o
    0x08001bb4   0x08001bb4   0x00000040   Code   RO          316    i.Uart_Config       uart.o
    0x08001bf4   0x08001bf4   0x00000020   Code   RO          317    i.Uart_SendChar     uart.o
    0x08001c14   0x08001c14   0x00000014   Code   RO          318    i.Uart_SendStr      uart.o
    0x08001c28   0x08001c28   0x0000000e   Code   RO         4138    i._is_digit         c_w.l(__printf_wp.o)
    0x08001c36   0x08001c36   0x0000001c   Code   RO          594    i._mutex_acquire    clib_arm.o
    0x08001c52   0x08001c52   0x00000002   PAD
    0x08001c54   0x08001c54   0x0000002c   Code   RO          595    i._mutex_free       clib_arm.o
    0x08001c80   0x08001c80   0x00000054   Code   RO          596    i._mutex_initialize  clib_arm.o
    0x08001cd4   0x08001cd4   0x0000001e   Code   RO          597    i._mutex_release    clib_arm.o
    0x08001cf2   0x08001cf2   0x00000002   Code   RO          598    i._platform_post_stackheap_init  clib_arm.o
    0x08001cf4   0x08001cf4   0x000000fc   Code   RO           11    i.main              main.o
    0x08001df0   0x08001df0   0x00000024   Code   RO          599    i.os_kernel_is_active  clib_arm.o
    0x08001e14   0x08001e14   0x00000060   Code   RO         3563    i.prvAddCurrentTaskToDelayedList  tasks.o
    0x08001e74   0x08001e74   0x00000088   Code   RO         3564    i.prvAddNewTaskToReadyList  tasks.o
    0x08001efc   0x08001efc   0x00000048   Code   RO         3948    i.prvCheckForValidListAndQueue  timers.o
    0x08001f44   0x08001f44   0x0000003c   Code   RO         3565    i.prvCheckTasksWaitingTermination  tasks.o
    0x08001f80   0x08001f80   0x00000028   Code   RO         3326    i.prvCopyDataFromQueue  queue.o
    0x08001fa8   0x08001fa8   0x0000006e   Code   RO         3327    i.prvCopyDataToQueue  queue.o
    0x08002016   0x08002016   0x0000002c   Code   RO         3566    i.prvDeleteTCB      tasks.o
    0x08002042   0x08002042   0x00000014   Code   RO         3328    i.prvGetDisinheritPriorityAfterTimeout  queue.o
    0x08002056   0x08002056   0x00000002   PAD
    0x08002058   0x08002058   0x00000024   Code   RO         3949    i.prvGetNextExpireTime  timers.o
    0x0800207c   0x0800207c   0x0000004c   Code   RO         3182    i.prvHeapInit       heap_4.o
    0x080020c8   0x080020c8   0x00000028   Code   RO         3567    i.prvIdleTask       tasks.o
    0x080020f0   0x080020f0   0x00000018   Code   RO         3329    i.prvInitialiseMutex  queue.o
    0x08002108   0x08002108   0x00000022   Code   RO         3330    i.prvInitialiseNewQueue  queue.o
    0x0800212a   0x0800212a   0x0000008e   Code   RO         3568    i.prvInitialiseNewTask  tasks.o
    0x080021b8   0x080021b8   0x00000058   Code   RO         3569    i.prvInitialiseTaskLists  tasks.o
    0x08002210   0x08002210   0x00000054   Code   RO         3183    i.prvInsertBlockIntoFreeList  heap_4.o
    0x08002264   0x08002264   0x00000040   Code   RO         3951    i.prvInsertTimerInActiveList  timers.o
    0x080022a4   0x080022a4   0x0000001a   Code   RO         3331    i.prvIsQueueEmpty   queue.o
    0x080022be   0x080022be   0x0000001e   Code   RO         3332    i.prvIsQueueFull    queue.o
    0x080022dc   0x080022dc   0x00000058   Code   RO         3952    i.prvProcessExpiredTimer  timers.o
    0x08002334   0x08002334   0x000000dc   Code   RO         3953    i.prvProcessReceivedCommands  timers.o
    0x08002410   0x08002410   0x0000006c   Code   RO         3954    i.prvProcessTimerOrBlockTask  timers.o
    0x0800247c   0x0800247c   0x00000024   Code   RO         3571    i.prvResetNextTaskUnblockTime  tasks.o
    0x080024a0   0x080024a0   0x0000002c   Code   RO         3955    i.prvSampleTimeNow  timers.o
    0x080024cc   0x080024cc   0x0000005c   Code   RO         3956    i.prvSwitchTimerLists  timers.o
    0x08002528   0x08002528   0x00000010   Code   RO         3244    i.prvTaskExitError  port.o
    0x08002538   0x08002538   0x00000014   Code   RO         3957    i.prvTimerTask      timers.o
    0x0800254c   0x0800254c   0x0000006a   Code   RO         3333    i.prvUnlockQueue    queue.o
    0x080025b6   0x080025b6   0x00000002   PAD
    0x080025b8   0x080025b8   0x00000098   Code   RO         3184    i.pvPortMalloc      heap_4.o
    0x08002650   0x08002650   0x00000018   Code   RO         3574    i.pvTaskIncrementMutexHeldCount  tasks.o
    0x08002668   0x08002668   0x0000001c   Code   RO         3245    i.pxPortInitialiseStack  port.o
    0x08002684   0x08002684   0x00000026   Code   RO         3131    i.uxListRemove      list.o
    0x080026aa   0x080026aa   0x00000002   PAD
    0x080026ac   0x080026ac   0x00000014   Code   RO          719    i.vApplicationGetIdleTaskMemory  cmsis_os2.o
    0x080026c0   0x080026c0   0x00000014   Code   RO          720    i.vApplicationGetTimerTaskMemory  cmsis_os2.o
    0x080026d4   0x080026d4   0x00000002   Code   RO          721    i.vApplicationStackOverflowHook  cmsis_os2.o
    0x080026d6   0x080026d6   0x00000016   Code   RO         3132    i.vListInitialise   list.o
    0x080026ec   0x080026ec   0x00000006   Code   RO         3133    i.vListInitialiseItem  list.o
    0x080026f2   0x080026f2   0x00000030   Code   RO         3134    i.vListInsert       list.o
    0x08002722   0x08002722   0x00000018   Code   RO         3135    i.vListInsertEnd    list.o
    0x0800273a   0x0800273a   0x00000002   PAD
    0x0800273c   0x0800273c   0x0000001c   Code   RO         3247    i.vPortEnterCritical  port.o
    0x08002758   0x08002758   0x00000018   Code   RO         3248    i.vPortExitCritical  port.o
    0x08002770   0x08002770   0x00000040   Code   RO         3185    i.vPortFree         heap_4.o
    0x080027b0   0x080027b0   0x00000024   Code   RO         3249    i.vPortSetupTimerInterrupt  port.o
    0x080027d4   0x080027d4   0x0000000e   Code   RO         3339    i.vQueueDelete      queue.o
    0x080027e2   0x080027e2   0x00000046   Code   RO         3341    i.vQueueWaitForMessageRestricted  queue.o
    0x08002828   0x08002828   0x00000034   Code   RO         3583    i.vTaskDelay        tasks.o
    0x0800285c   0x0800285c   0x00000010   Code   RO         3588    i.vTaskInternalSetTimeOutState  tasks.o
    0x0800286c   0x0800286c   0x0000000c   Code   RO         3589    i.vTaskMissedYield  tasks.o
    0x08002878   0x08002878   0x00000020   Code   RO         3591    i.vTaskPlaceOnEventList  tasks.o
    0x08002898   0x08002898   0x00000028   Code   RO         3592    i.vTaskPlaceOnEventListRestricted  tasks.o
    0x080028c0   0x080028c0   0x0000006c   Code   RO         3594    i.vTaskPriorityDisinheritAfterTimeout  tasks.o
    0x0800292c   0x0800292c   0x0000007c   Code   RO         3600    i.vTaskStartScheduler  tasks.o
    0x080029a8   0x080029a8   0x00000010   Code   RO         3602    i.vTaskSuspendAll   tasks.o
    0x080029b8   0x080029b8   0x00000080   Code   RO         3603    i.vTaskSwitchContext  tasks.o
    0x08002a38   0x08002a38   0x00000030   Code   RO         3250    i.xPortStartScheduler  port.o
    0x08002a68   0x08002a68   0x0000002c   Code   RO         3251    i.xPortSysTickHandler  port.o
    0x08002a94   0x08002a94   0x00000018   Code   RO         3344    i.xQueueCreateMutex  queue.o
    0x08002aac   0x08002aac   0x0000001c   Code   RO         3345    i.xQueueCreateMutexStatic  queue.o
    0x08002ac8   0x08002ac8   0x00000038   Code   RO         3346    i.xQueueGenericCreate  queue.o
    0x08002b00   0x08002b00   0x0000001e   Code   RO         3347    i.xQueueGenericCreateStatic  queue.o
    0x08002b1e   0x08002b1e   0x00000002   PAD
    0x08002b20   0x08002b20   0x00000078   Code   RO         3348    i.xQueueGenericReset  queue.o
    0x08002b98   0x08002b98   0x000000f8   Code   RO         3349    i.xQueueGenericSend  queue.o
    0x08002c90   0x08002c90   0x00000066   Code   RO         3350    i.xQueueGenericSendFromISR  queue.o
    0x08002cf6   0x08002cf6   0x00000056   Code   RO         3353    i.xQueueGiveFromISR  queue.o
    0x08002d4c   0x08002d4c   0x000000f0   Code   RO         3359    i.xQueueReceive     queue.o
    0x08002e3c   0x08002e3c   0x00000124   Code   RO         3361    i.xQueueSemaphoreTake  queue.o
    0x08002f60   0x08002f60   0x00000054   Code   RO         3604    i.xTaskCheckForTimeOut  tasks.o
    0x08002fb4   0x08002fb4   0x00000064   Code   RO         3605    i.xTaskCreate       tasks.o
    0x08003018   0x08003018   0x0000003c   Code   RO         3606    i.xTaskCreateStatic  tasks.o
    0x08003054   0x08003054   0x0000001c   Code   RO         3610    i.xTaskGetSchedulerState  tasks.o
    0x08003070   0x08003070   0x0000000c   Code   RO         3611    i.xTaskGetTickCount  tasks.o
    0x0800307c   0x0800307c   0x0000000c   Code   RO         3612    i.xTaskGetTickCountFromISR  tasks.o
    0x08003088   0x08003088   0x000000b4   Code   RO         3613    i.xTaskIncrementTick  tasks.o
    0x0800313c   0x0800313c   0x00000054   Code   RO         3616    i.xTaskPriorityDisinherit  tasks.o
    0x08003190   0x08003190   0x0000007c   Code   RO         3617    i.xTaskPriorityInherit  tasks.o
    0x0800320c   0x0800320c   0x00000064   Code   RO         3618    i.xTaskRemoveFromEventList  tasks.o
    0x08003270   0x08003270   0x000000b4   Code   RO         3619    i.xTaskResumeAll    tasks.o
    0x08003324   0x08003324   0x00000054   Code   RO         3965    i.xTimerCreateTimerTask  timers.o
    0x08003378   0x08003378   0x00000058   Code   RO         3966    i.xTimerGenericCommand  timers.o
    0x080033d0   0x080033d0   0x00000011   Data   RO         4141    .constdata          c_w.l(__printf_flags_wp.o)
    0x080033e1   0x080033e1   0x00000003   PAD
    0x080033e4   0x080033e4   0x00000020   Data   RO         4327    Region$$Table       anon$$obj.o


    Execution Region RW_IRAM1 (Exec base: 0x20000000, Load base: 0x08003404, Size: 0x00003430, Max: 0x00005000, ABSOLUTE)

    Exec Addr    Load Addr    Size         Type   Attr      Idx    E Section Name        Object

    0x20000000   0x08003404   0x0000000c   Data   RW           12    .data               main.o
    0x2000000c   0x08003410   0x00000008   Data   RW          214    .data               interrupt.o
    0x20000014   0x08003418   0x00000008   Data   RW          278    .data               dma.o
    0x2000001c   0x08003420   0x00000005   Data   RW          412    .data               dht11.o
    0x20000021   0x08003425   0x00000001   Data   RW          601    .data               clib_arm.o
    0x20000022   0x08003426   0x00000014   Data   RW         1997    .data               stm32f10x_rcc.o
    0x20000036   0x0800343a   0x00000002   PAD
    0x20000038   0x0800343c   0x00000014   Data   RW         2940    .data               system_stm32f10x.o
    0x2000004c   0x08003450   0x00000018   Data   RW         3190    .data               heap_4.o
    0x20000064   0x08003468   0x00000004   Data   RW         3252    .data               port.o
    0x20000068   0x0800346c   0x0000003c   Data   RW         3622    .data               tasks.o
    0x200000a4   0x080034a8   0x00000014   Data   RW         3974    .data               timers.o
    0x200000b8        -       0x00000394   Zero   RW          600    .bss                clib_arm.o
    0x2000044c        -       0x000003f8   Zero   RW          722    .bss                cmsis_os2.o
    0x20000844        -       0x00002000   Zero   RW         3189    .bss                heap_4.o
    0x20002844        -       0x000004c4   Zero   RW         3621    .bss                tasks.o
    0x20002d08        -       0x000000c8   Zero   RW         3973    .bss                timers.o
    0x20002dd0        -       0x00000060   Zero   RW         4201    .bss                c_w.l(libspace.o)
    0x20002e30        -       0x00000200   Zero   RW         2927    HEAP                startup_stm32f10x_md.o
    0x20003030        -       0x00000400   Zero   RW         2926    STACK               startup_stm32f10x_md.o


==============================================================================

Image component sizes


      Code (inc. data)   RO Data    RW Data    ZI Data      Debug   Object Name

       100         10          0          0          0        441   adc.o
       224         16          0          1        916       4676   clib_arm.o
        68          8          0          0       1016      25211   cmsis_os2.o
       180         16          0          0          0       2239   delay.o
       314         20          0          5          0       3218   dht11.o
       140         34          0          8          0      26699   dma.o
         0          0          0          0          0      10304   event_groups.o
       184          8          0          0          0       1026   gpio_config.o
       376         24          0         24       8192       4063   heap_4.o
       330         26          0          8          0       2441   interrupt.o
       418         24          0          0          0       3057   lcd.o
       138          0          0          0          0      12026   list.o
      1436        294          0         12          0     302235   main.o
       120         14          0          0          0       1739   misc.o
       374         46          0          4          0       9096   port.o
       128         12          0          0          0        947   pwm.o
      1700         20          0          0          0      20346   queue.o
        64         26        236          0       1536        808   startup_stm32f10x_md.o
        24          0          0          0          0       2718   stm32f10x_adc.o
       160         16          0          0          0       2444   stm32f10x_exti.o
       228          6          0          0          0       4630   stm32f10x_gpio.o
       390         10          0          0          0       8404   stm32f10x_i2c.o
       228         30          0         20          0       4790   stm32f10x_rcc.o
       364         64          0          0          0       5277   stm32f10x_tim.o
       234          6          0          0          0       4436   stm32f10x_usart.o
       260         26          0         20          0       2201   system_stm32f10x.o
      2158        206          0         60       1220      40218   tasks.o
       916         78          0         20        200      11759   timers.o
       116         10          0          0          0       1389   uart.o

    ----------------------------------------------------------------------
     11400       1050        268        184      13080     518838   Object Totals
         0          0         32          0          0          0   (incl. Generated)
        28          0          0          2          0          0   (incl. Padding)

    ----------------------------------------------------------------------

      Code (inc. data)   RO Data    RW Data    ZI Data      Debug   Library Member Name

         8          0          0          0          0         68   __main.o
       312          4         17          0          0         92   __printf_flags_wp.o
        14          0          0          0          0         68   __printf_wp.o
         0          0          0          0          0          0   __rtentry.o
        20          0          0          0          0          0   __rtentry2.o
         6          0          0          0          0          0   __rtentry4.o
        52          8          0          0          0          0   __scatter.o
        26          0          0          0          0          0   __scatter_copy.o
        28          0          0          0          0          0   __scatter_zi.o
        44          0          0          0          0        108   _printf_char.o
        48          6          0          0          0         96   _printf_char_common.o
         6          0          0          0          0          0   _printf_d.o
       120         16          0          0          0         92   _printf_dec.o
       178          0          0          0          0         88   _printf_intcommon.o
        78          0          0          0          0        108   _printf_pad.o
         0          0          0          0          0          0   _printf_percent.o
         4          0          0          0          0          0   _printf_percent_end.o
         6          0          0          0          0          0   _printf_s.o
        82          0          0          0          0         80   _printf_str.o
        10          0          0          0          0         68   _sputc.o
        16          0          0          0          0         68   aeabi_memset.o
        18          0          0          0          0         80   exit.o
         6          0          0          0          0        152   heapauxi.o
         0          0          0          0          0          0   indicate_semi.o
         2          0          0          0          0          0   libinit.o
         2          0          0          0          0          0   libinit2.o
         2          0          0          0          0          0   libshutdown.o
         2          0          0          0          0          0   libshutdown2.o
         8          4          0          0         96         68   libspace.o
        40          6          0          0          0         84   noretval__2sprintf.o
        68          0          0          0          0         68   rt_memclr.o
        78          0          0          0          0         80   rt_memclr_w.o
       138          0          0          0          0         68   rt_memcpy_v6.o
       100          0          0          0          0         80   rt_memcpy_w.o
         2          0          0          0          0          0   rtexit.o
        10          0          0          0          0          0   rtexit2.o
        12          4          0          0          0         68   sys_exit.o
        74          0          0          0          0         80   sys_stackheap_outer.o
         2          0          0          0          0         68   use_no_semi.o

    ----------------------------------------------------------------------
      1628         48         20          0         96       1832   Library Totals
         6          0          3          0          0          0   (incl. Padding)

    ----------------------------------------------------------------------

      Code (inc. data)   RO Data    RW Data    ZI Data      Debug   Library Name

      1622         48         17          0         96       1832   c_w.l

    ----------------------------------------------------------------------
      1628         48         20          0         96       1832   Library Totals

    ----------------------------------------------------------------------

==============================================================================


      Code (inc. data)   RO Data    RW Data    ZI Data      Debug   

     13028       1098        288        184      13176     511514   Grand Totals
     13028       1098        288        184      13176     511514   ELF Image Totals
     13028       1098        288        184          0          0   ROM Totals

==============================================================================

    Total RO  Size (Code + RO Data)                13316 (  13.00kB)
    Total RW  Size (RW Data + ZI Data)             13360 (  13.05kB)
    Total ROM Size (Code + RO Data + RW Data)      13500 (  13.18kB)

==============================================================================

